Archive member included to satisfy reference by file (symbol)

/usr/lib/gcc/arm-none-eabi/7.3.1/thumb/v6-m/libgcc.a(_dvmd_tls.o)
                              CMakeFiles/wifi_sta.dir/data/home/wuxinyang/PICO_SDK/pico-sdk/src/rp2_common/pico_divider/divider_hardware.S.o (__aeabi_idiv0)
/usr/lib/gcc/arm-none-eabi/7.3.1/../../../arm-none-eabi/lib/thumb/v6-m/libg.a(lib_a-atexit.o)
                              /usr/lib/gcc/arm-none-eabi/7.3.1/../../../arm-none-eabi/lib/thumb/v6-m/crt0.o (atexit)
/usr/lib/gcc/arm-none-eabi/7.3.1/../../../arm-none-eabi/lib/thumb/v6-m/libg.a(lib_a-calloc.o)
                              CMakeFiles/wifi_sta.dir/data/home/wuxinyang/PICO_SDK/pico-sdk/src/rp2_common/pico_malloc/malloc.c.o (calloc)
/usr/lib/gcc/arm-none-eabi/7.3.1/../../../arm-none-eabi/lib/thumb/v6-m/libg.a(lib_a-callocr.o)
                              /usr/lib/gcc/arm-none-eabi/7.3.1/../../../arm-none-eabi/lib/thumb/v6-m/libg.a(lib_a-calloc.o) (_calloc_r)
/usr/lib/gcc/arm-none-eabi/7.3.1/../../../arm-none-eabi/lib/thumb/v6-m/libg.a(lib_a-ctype_.o)
                              CMakeFiles/wifi_sta.dir/src/ssd1306/i2c.c.o (_ctype_)
/usr/lib/gcc/arm-none-eabi/7.3.1/../../../arm-none-eabi/lib/thumb/v6-m/libg.a(lib_a-fini.o)
                              /usr/lib/gcc/arm-none-eabi/7.3.1/../../../arm-none-eabi/lib/thumb/v6-m/crt0.o (__libc_fini_array)
/usr/lib/gcc/arm-none-eabi/7.3.1/../../../arm-none-eabi/lib/thumb/v6-m/libg.a(lib_a-impure.o)
                              /usr/lib/gcc/arm-none-eabi/7.3.1/../../../arm-none-eabi/lib/thumb/v6-m/libg.a(lib_a-calloc.o) (_impure_ptr)
/usr/lib/gcc/arm-none-eabi/7.3.1/../../../arm-none-eabi/lib/thumb/v6-m/libg.a(lib_a-init.o)
                              /usr/lib/gcc/arm-none-eabi/7.3.1/../../../arm-none-eabi/lib/thumb/v6-m/crt0.o (__libc_init_array)
/usr/lib/gcc/arm-none-eabi/7.3.1/../../../arm-none-eabi/lib/thumb/v6-m/libg.a(lib_a-lcltime_r.o)
                              CMakeFiles/wifi_sta.dir/data/home/wuxinyang/PICO_SDK/pico-sdk/src/common/pico_util/datetime.c.o (localtime_r)
/usr/lib/gcc/arm-none-eabi/7.3.1/../../../arm-none-eabi/lib/thumb/v6-m/libg.a(lib_a-malloc.o)
                              CMakeFiles/wifi_sta.dir/data/home/wuxinyang/PICO_SDK/pico-sdk/src/rp2_common/pico_malloc/malloc.c.o (malloc)
/usr/lib/gcc/arm-none-eabi/7.3.1/../../../arm-none-eabi/lib/thumb/v6-m/libg.a(lib_a-mallocr.o)
                              /usr/lib/gcc/arm-none-eabi/7.3.1/../../../arm-none-eabi/lib/thumb/v6-m/libg.a(lib_a-callocr.o) (_malloc_r)
/usr/lib/gcc/arm-none-eabi/7.3.1/../../../arm-none-eabi/lib/thumb/v6-m/libg.a(lib_a-memcmp.o)
                              CMakeFiles/wifi_sta.dir/data/home/wuxinyang/PICO_SDK/pico-sdk/src/rp2_common/pico_atomic/atomic.c.o (memcmp)
/usr/lib/gcc/arm-none-eabi/7.3.1/../../../arm-none-eabi/lib/thumb/v6-m/libg.a(lib_a-mktime.o)
                              CMakeFiles/wifi_sta.dir/data/home/wuxinyang/PICO_SDK/pico-sdk/src/common/pico_util/datetime.c.o (mktime)
/usr/lib/gcc/arm-none-eabi/7.3.1/../../../arm-none-eabi/lib/thumb/v6-m/libg.a(lib_a-mlock.o)
                              /usr/lib/gcc/arm-none-eabi/7.3.1/../../../arm-none-eabi/lib/thumb/v6-m/libg.a(lib_a-mallocr.o) (__malloc_lock)
/usr/lib/gcc/arm-none-eabi/7.3.1/../../../arm-none-eabi/lib/thumb/v6-m/libg.a(lib_a-month_lengths.o)
                              /usr/lib/gcc/arm-none-eabi/7.3.1/../../../arm-none-eabi/lib/thumb/v6-m/libg.a(lib_a-lcltime_r.o) (__month_lengths)
/usr/lib/gcc/arm-none-eabi/7.3.1/../../../arm-none-eabi/lib/thumb/v6-m/libg.a(lib_a-realloc.o)
                              CMakeFiles/wifi_sta.dir/data/home/wuxinyang/PICO_SDK/pico-sdk/src/rp2_common/pico_malloc/malloc.c.o (realloc)
/usr/lib/gcc/arm-none-eabi/7.3.1/../../../arm-none-eabi/lib/thumb/v6-m/libg.a(lib_a-reallocr.o)
                              /usr/lib/gcc/arm-none-eabi/7.3.1/../../../arm-none-eabi/lib/thumb/v6-m/libg.a(lib_a-realloc.o) (_realloc_r)
/usr/lib/gcc/arm-none-eabi/7.3.1/../../../arm-none-eabi/lib/thumb/v6-m/libg.a(lib_a-sbrkr.o)
                              /usr/lib/gcc/arm-none-eabi/7.3.1/../../../arm-none-eabi/lib/thumb/v6-m/libg.a(lib_a-mallocr.o) (_sbrk_r)
/usr/lib/gcc/arm-none-eabi/7.3.1/../../../arm-none-eabi/lib/thumb/v6-m/libg.a(lib_a-strlen-stub.o)
                              CMakeFiles/wifi_sta.dir/src/wifi_sta.c.o (strlen)
/usr/lib/gcc/arm-none-eabi/7.3.1/../../../arm-none-eabi/lib/thumb/v6-m/libg.a(lib_a-tzcalc_limits.o)
                              /usr/lib/gcc/arm-none-eabi/7.3.1/../../../arm-none-eabi/lib/thumb/v6-m/libg.a(lib_a-lcltime_r.o) (__tzcalc_limits)
/usr/lib/gcc/arm-none-eabi/7.3.1/../../../arm-none-eabi/lib/thumb/v6-m/libg.a(lib_a-tzlock.o)
                              /usr/lib/gcc/arm-none-eabi/7.3.1/../../../arm-none-eabi/lib/thumb/v6-m/libg.a(lib_a-lcltime_r.o) (__tz_lock)
/usr/lib/gcc/arm-none-eabi/7.3.1/../../../arm-none-eabi/lib/thumb/v6-m/libg.a(lib_a-tzset.o)
[...]
Memory Configuration

Name             Origin             Length             Attributes
FLASH            0x0000000010000000 0x0000000000200000 xr
RAM              0x0000000020000000 0x0000000000040000 xrw
SCRATCH_X        0x0000000020040000 0x0000000000001000 xrw
SCRATCH_Y        0x0000000020041000 0x0000000000001000 xrw
*default*        0x0000000000000000 0xffffffffffffffff

Linker script and memory map

LOAD /usr/lib/gcc/arm-none-eabi/7.3.1/thumb/v6-m/crti.o
LOAD /usr/lib/gcc/arm-none-eabi/7.3.1/thumb/v6-m/crtbegin.o
LOAD /usr/lib/gcc/arm-none-eabi/7.3.1/../../../arm-none-eabi/lib/thumb/v6-m/crt0.o

.flash_begin    0x0000000010000000        0x0
                0x0000000010000000                __flash_binary_start = .

.boot2          0x0000000010000000      0x100
                0x0000000010000000                __boot2_start__ = .
 *(.boot2)
 .boot2         0x0000000010000000      0x100 pico-sdk/src/rp2040/boot_stage2/CMakeFiles/bs2_default_library.dir/bs2_default_padded_checksummed.S.o
                0x0000000010000100                __boot2_end__ = .
                0x0000000000000001                ASSERT (((__boot2_end__ - __boot2_start__) == 0x100), ERROR: Pico second stage bootloader must be 256 bytes in size)

.text           0x0000000010000100     0x5df8
                0x0000000010000100                __logical_binary_start = .
 *(.vectors)
 .vectors       0x0000000010000100       0xd4 CMakeFiles/wifi_sta.dir/data/home/wuxinyang/PICO_SDK/pico-sdk/src/rp2_common/pico_crt0/crt0.S.o
                0x0000000010000100                __vectors
                0x0000000010000100                __VECTOR_TABLE
                0x00000000100001c0                isr_invalid
                0x00000000100001c0                __default_isrs_start
                0x00000000100001c2                isr_nmi
                0x00000000100001c4                isr_hardfault
                0x00000000100001c6                isr_svcall
                0x00000000100001c8                isr_pendsv
                0x00000000100001ca                isr_systick
                0x00000000100001cc                isr_irq30
                0x00000000100001cc                __unhandled_user_irq
                0x00000000100001cc                isr_irq13
                0x00000000100001cc                isr_irq27
                0x00000000100001cc                isr_irq31
                0x00000000100001cc                isr_irq5
                0x00000000100001cc                isr_irq11
                0x00000000100001cc                isr_irq23
                0x00000000100001cc                isr_irq18
                0x00000000100001cc                isr_irq28
                0x00000000100001cc                isr_irq19
                0x00000000100001cc                isr_irq0
                0x00000000100001cc                isr_irq6
                0x00000000100001cc                isr_irq22
                0x00000000100001cc                isr_irq17
                0x00000000100001cc                isr_irq14
                0x00000000100001cc                isr_irq2
                0x00000000100001cc                isr_irq10
                0x00000000100001cc                isr_irq8
                0x00000000100001cc                isr_irq24
                0x00000000100001cc                isr_irq1
                0x00000000100001cc                isr_irq7
                0x00000000100001cc                isr_irq21
                0x00000000100001cc                isr_irq20
                0x00000000100001cc                isr_irq15
                0x00000000100001cc                isr_irq25
                0x00000000100001cc                isr_irq4
                0x00000000100001cc                isr_irq16
                0x00000000100001cc                isr_irq29
                0x00000000100001cc                isr_irq26
                0x00000000100001cc                __default_isrs_end
                0x00000000100001cc                isr_irq3
                0x00000000100001cc                isr_irq12
                0x00000000100001cc                isr_irq9
                0x00000000100001d2                unhandled_user_irq_num_in_r0
 *(.binary_info_header)
 .binary_info_header
                0x00000000100001d4       0x14 CMakeFiles/wifi_sta.dir/data/home/wuxinyang/PICO_SDK/pico-sdk/src/rp2_common/pico_crt0/crt0.S.o
                0x00000000100001e8                __binary_info_header_end = .
 *(.embedded_block)
                0x00000000100001e8                __embedded_block_end = .
 *(.reset)
 .reset         0x00000000100001e8       0x9c CMakeFiles/wifi_sta.dir/data/home/wuxinyang/PICO_SDK/pico-sdk/src/rp2_common/pico_crt0/crt0.S.o
                0x00000000100001e8                _entry_point
 *(.init)
 .init          0x0000000010000284        0x4 /usr/lib/gcc/arm-none-eabi/7.3.1/thumb/v6-m/crti.o
                0x0000000010000284                _init
 *(EXCLUDE_FILE(*libm.a: *libc.a:*lib_a-mem*.o *libgcc.a:) .text*)
 .text          0x0000000010000288       0x98 /usr/lib/gcc/arm-none-eabi/7.3.1/thumb/v6-m/crtbegin.o
 .text.startup.main
                0x0000000010000320       0xf4 CMakeFiles/wifi_sta.dir/src/main.c.o
                0x0000000010000320                main
 .text.send_at_command
                0x0000000010000414       0xf4 CMakeFiles/wifi_sta.dir/src/wifi_sta.c.o
                0x0000000010000414                send_at_command
 .text.configure_esp8285
                0x0000000010000508       0x58 CMakeFiles/wifi_sta.dir/src/wifi_sta.c.o
                0x0000000010000508                configure_esp8285
 .text.send_data_to_esp8285
                0x0000000010000560       0x3c CMakeFiles/wifi_sta.dir/src/wifi_sta.c.o
                0x0000000010000560                send_data_to_esp8285
 .text.init_uart
                0x000000001000059c       0x40 CMakeFiles/wifi_sta.dir/src/uart.c.o
                0x000000001000059c                init_uart
 .text.calc_render_area_buflen
                0x00000000100005dc       0x18 CMakeFiles/wifi_sta.dir/src/ssd1306/i2c.c.o
                0x00000000100005dc                calc_render_area_buflen
 .text.SSD1306_init
                0x00000000100005f4       0x58 CMakeFiles/wifi_sta.dir/src/ssd1306/i2c.c.o
                0x00000000100005f4                SSD1306_init
 .text.render   0x000000001000064c       0x9c CMakeFiles/wifi_sta.dir/src/ssd1306/i2c.c.o
                0x000000001000064c                render
 .text.WriteString
                0x00000000100006e8       0xd4 CMakeFiles/wifi_sta.dir/src/ssd1306/i2c.c.o
                0x00000000100006e8                WriteString
 .text.gpio_set_function
                0x00000000100007bc       0x34 CMakeFiles/wifi_sta.dir/data/home/wuxinyang/PICO_SDK/pico-sdk/src/rp2_common/hardware_gpio/gpio.c.o
                0x00000000100007bc                gpio_set_function
 .text.gpio_set_pulls
                0x00000000100007f0       0x34 CMakeFiles/wifi_sta.dir/data/home/wuxinyang/PICO_SDK/pico-sdk/src/rp2_common/hardware_gpio/gpio.c.o
                0x00000000100007f0                gpio_set_pulls
 .text.gpio_init
                0x0000000010000824       0x40 CMakeFiles/wifi_sta.dir/data/home/wuxinyang/PICO_SDK/pico-sdk/src/rp2_common/hardware_gpio/gpio.c.o
                0x0000000010000824                gpio_init
 .text.panic    0x0000000010000864       0x30 CMakeFiles/wifi_sta.dir/data/home/wuxinyang/PICO_SDK/pico-sdk/src/rp2_common/pico_platform_panic/panic.c.o
                0x0000000010000864                panic
 .text.hw_claim_or_assert
                0x0000000010000894       0x44 CMakeFiles/wifi_sta.dir/data/home/wuxinyang/PICO_SDK/pico-sdk/src/common/hardware_claim/claim.c.o
                0x0000000010000894                hw_claim_or_assert
 .text.next_striped_spin_lock_num
                0x00000000100008d8       0x18 CMakeFiles/wifi_sta.dir/data/home/wuxinyang/PICO_SDK/pico-sdk/src/rp2_common/hardware_sync/sync.c.o
                0x00000000100008d8                next_striped_spin_lock_num
 .text.spin_locks_reset
                0x00000000100008f0       0x1c CMakeFiles/wifi_sta.dir/data/home/wuxinyang/PICO_SDK/pico-sdk/src/rp2_common/hardware_sync_spin_lock/sync_spin_lock.c.o
                0x00000000100008f0                spin_locks_reset
 .text.runtime_init_per_core_irq_priorities
                0x000000001000090c       0x24 CMakeFiles/wifi_sta.dir/data/home/wuxinyang/PICO_SDK/pico-sdk/src/rp2_common/hardware_irq/irq.c.o
                0x000000001000090c                runtime_init_per_core_irq_priorities
 .text.irq_set_enabled
                0x0000000010000930       0x24 CMakeFiles/wifi_sta.dir/data/home/wuxinyang/PICO_SDK/pico-sdk/src/rp2_common/hardware_irq/irq.c.o
                0x0000000010000930                irq_set_enabled
 .text.irq_set_exclusive_handler
                0x0000000010000954       0x54 CMakeFiles/wifi_sta.dir/data/home/wuxinyang/PICO_SDK/pico-sdk/src/rp2_common/hardware_irq/irq.c.o
                0x0000000010000954                irq_set_exclusive_handler
 .text.irq_remove_handler
                0x00000000100009a8      0x1bc CMakeFiles/wifi_sta.dir/data/home/wuxinyang/PICO_SDK/pico-sdk/src/rp2_common/hardware_irq/irq.c.o
                0x00000000100009a8                irq_remove_handler
 .text.irq_add_tail_to_free_list
                0x0000000010000b64       0xb4 CMakeFiles/wifi_sta.dir/data/home/wuxinyang/PICO_SDK/pico-sdk/src/rp2_common/hardware_irq/irq.c.o
                0x0000000010000b64                irq_add_tail_to_free_list
 .text.lock_init
                0x0000000010000c18       0x10 CMakeFiles/wifi_sta.dir/data/home/wuxinyang/PICO_SDK/pico-sdk/src/common/pico_sync/lock_core.c.o
                0x0000000010000c18                lock_init
 .text.runtime_init_mutex
                0x0000000010000c28       0x68 CMakeFiles/wifi_sta.dir/data/home/wuxinyang/PICO_SDK/pico-sdk/src/common/pico_sync/mutex.c.o
                0x0000000010000c28                runtime_init_mutex
 .text.sleep_until_callback
                0x0000000010000c90       0x30 CMakeFiles/wifi_sta.dir/data/home/wuxinyang/PICO_SDK/pico-sdk/src/common/pico_time/time.c.o
 .text.alarm_pool_irq_handler
                0x0000000010000cc0      0x308 CMakeFiles/wifi_sta.dir/data/home/wuxinyang/PICO_SDK/pico-sdk/src/common/pico_time/time.c.o
 .text.runtime_init_default_alarm_pool
                0x0000000010000fc8       0xd8 CMakeFiles/wifi_sta.dir/data/home/wuxinyang/PICO_SDK/pico-sdk/src/common/pico_time/time.c.o
                0x0000000010000fc8                runtime_init_default_alarm_pool
 .text.alarm_pool_add_alarm_at_force_in_context
                0x00000000100010a0       0xa8 CMakeFiles/wifi_sta.dir/data/home/wuxinyang/PICO_SDK/pico-sdk/src/common/pico_time/time.c.o
                0x00000000100010a0                alarm_pool_add_alarm_at_force_in_context
 .text.sleep_ms
                0x0000000010001148       0xf4 CMakeFiles/wifi_sta.dir/data/home/wuxinyang/PICO_SDK/pico-sdk/src/common/pico_time/time.c.o
                0x0000000010001148                sleep_ms
 .text.best_effort_wfe_or_timeout
                0x000000001000123c      0x1bc CMakeFiles/wifi_sta.dir/data/home/wuxinyang/PICO_SDK/pico-sdk/src/common/pico_time/time.c.o
                0x000000001000123c                best_effort_wfe_or_timeout
 .text.timer_hardware_alarm_claim
                0x00000000100013f8       0x14 CMakeFiles/wifi_sta.dir/data/home/wuxinyang/PICO_SDK/pico-sdk/src/rp2_common/hardware_timer/timer.c.o
                0x00000000100013f8                timer_hardware_alarm_claim
 .text.timer_time_us_64
                0x000000001000140c       0x14 CMakeFiles/wifi_sta.dir/data/home/wuxinyang/PICO_SDK/pico-sdk/src/rp2_common/hardware_timer/timer.c.o
                0x000000001000140c                timer_time_us_64
 .text.time_us_64
                0x0000000010001420       0x18 CMakeFiles/wifi_sta.dir/data/home/wuxinyang/PICO_SDK/pico-sdk/src/rp2_common/hardware_timer/timer.c.o
                0x0000000010001420                time_us_64
 .text.busy_wait_us
                0x0000000010001438       0x60 CMakeFiles/wifi_sta.dir/data/home/wuxinyang/PICO_SDK/pico-sdk/src/rp2_common/hardware_timer/timer.c.o
                0x0000000010001438                busy_wait_us
 .text.busy_wait_until
                0x0000000010001498       0x20 CMakeFiles/wifi_sta.dir/data/home/wuxinyang/PICO_SDK/pico-sdk/src/rp2_common/hardware_timer/timer.c.o
                0x0000000010001498                busy_wait_until
 .text.uart_init
                0x00000000100014b8      0x118 CMakeFiles/wifi_sta.dir/data/home/wuxinyang/PICO_SDK/pico-sdk/src/rp2_common/hardware_uart/uart.c.o
                0x00000000100014b8                uart_init
 .text.uart_set_format
                0x00000000100015d0       0x78 CMakeFiles/wifi_sta.dir/data/home/wuxinyang/PICO_SDK/pico-sdk/src/rp2_common/hardware_uart/uart.c.o
                0x00000000100015d0                uart_set_format
 .text.clock_configure_int_divider
                0x0000000010001648       0xf0 CMakeFiles/wifi_sta.dir/data/home/wuxinyang/PICO_SDK/pico-sdk/src/rp2_common/hardware_clocks/clocks.c.o
                0x0000000010001648                clock_configure_int_divider
 .text.clock_configure_undivided
                0x0000000010001738       0xe8 CMakeFiles/wifi_sta.dir/data/home/wuxinyang/PICO_SDK/pico-sdk/src/rp2_common/hardware_clocks/clocks.c.o
                0x0000000010001738                clock_configure_undivided
 .text.clock_get_hz
                0x0000000010001820        0xc CMakeFiles/wifi_sta.dir/data/home/wuxinyang/PICO_SDK/pico-sdk/src/rp2_common/hardware_clocks/clocks.c.o
                0x0000000010001820                clock_get_hz
 .text.pll_init
                0x000000001000182c       0xa0 CMakeFiles/wifi_sta.dir/data/home/wuxinyang/PICO_SDK/pico-sdk/src/rp2_common/hardware_pll/pll.c.o
                0x000000001000182c                pll_init
 .text.tick_start
                0x00000000100018cc       0x10 CMakeFiles/wifi_sta.dir/data/home/wuxinyang/PICO_SDK/pico-sdk/src/rp2_common/hardware_ticks/ticks.c.o
                0x00000000100018cc                tick_start
 .text.rom_func_lookup
                0x00000000100018dc       0x10 CMakeFiles/wifi_sta.dir/data/home/wuxinyang/PICO_SDK/pico-sdk/src/rp2_common/pico_bootrom/bootrom.c.o
                0x00000000100018dc                rom_func_lookup
 .text.rom_data_lookup
                0x00000000100018ec       0x10 CMakeFiles/wifi_sta.dir/data/home/wuxinyang/PICO_SDK/pico-sdk/src/rp2_common/pico_bootrom/bootrom.c.o
                0x00000000100018ec                rom_data_lookup
 .text.rom_funcs_lookup
                0x00000000100018fc       0x3c CMakeFiles/wifi_sta.dir/data/home/wuxinyang/PICO_SDK/pico-sdk/src/rp2_common/pico_bootrom/bootrom.c.o
                0x00000000100018fc                rom_funcs_lookup
 .text.xosc_init
                0x0000000010001938       0x28 CMakeFiles/wifi_sta.dir/data/home/wuxinyang/PICO_SDK/pico-sdk/src/rp2_common/hardware_xosc/xosc.c.o
                0x0000000010001938                xosc_init
 .text.first_per_core_initializer
                0x0000000010001960        0x4 CMakeFiles/wifi_sta.dir/data/home/wuxinyang/PICO_SDK/pico-sdk/src/rp2_common/pico_runtime/runtime.c.o
 .text.hard_assertion_failure
                0x0000000010001964        0xc CMakeFiles/wifi_sta.dir/data/home/wuxinyang/PICO_SDK/pico-sdk/src/rp2_common/pico_runtime/runtime.c.o
                0x0000000010001964                hard_assertion_failure
 .text.runtime_run_initializers
                0x0000000010001970       0x28 CMakeFiles/wifi_sta.dir/data/home/wuxinyang/PICO_SDK/pico-sdk/src/rp2_common/pico_runtime/runtime.c.o
                0x0000000010001970                runtime_run_initializers
 .text.runtime_init_early_resets
                0x0000000010001998       0x2c CMakeFiles/wifi_sta.dir/data/home/wuxinyang/PICO_SDK/pico-sdk/src/rp2_common/pico_runtime_init/runtime_init.c.o
                0x0000000010001998                runtime_init_early_resets
 .text.runtime_init_usb_power_down
                0x00000000100019c4       0x1c CMakeFiles/wifi_sta.dir/data/home/wuxinyang/PICO_SDK/pico-sdk/src/rp2_common/pico_runtime_init/runtime_init.c.o
                0x00000000100019c4                runtime_init_usb_power_down
 .text.runtime_init_post_clock_resets
                0x00000000100019e0       0x20 CMakeFiles/wifi_sta.dir/data/home/wuxinyang/PICO_SDK/pico-sdk/src/rp2_common/pico_runtime_init/runtime_init.c.o
                0x00000000100019e0                runtime_init_post_clock_resets
 .text.runtime_init_rp2040_gpio_ie_disable
                0x0000000010001a00       0x14 CMakeFiles/wifi_sta.dir/data/home/wuxinyang/PICO_SDK/pico-sdk/src/rp2_common/pico_runtime_init/runtime_init.c.o
                0x0000000010001a00                runtime_init_rp2040_gpio_ie_disable
 .text.runtime_init_spin_locks_reset
                0x0000000010001a14        0x8 CMakeFiles/wifi_sta.dir/data/home/wuxinyang/PICO_SDK/pico-sdk/src/rp2_common/pico_runtime_init/runtime_init.c.o
                0x0000000010001a14                runtime_init_spin_locks_reset
 .text.runtime_init_install_ram_vector_table
                0x0000000010001a1c       0x1c CMakeFiles/wifi_sta.dir/data/home/wuxinyang/PICO_SDK/pico-sdk/src/rp2_common/pico_runtime_init/runtime_init.c.o
                0x0000000010001a1c                runtime_init_install_ram_vector_table
 .text.runtime_init_clocks
                0x0000000010001a38       0xd8 CMakeFiles/wifi_sta.dir/data/home/wuxinyang/PICO_SDK/pico-sdk/src/rp2_common/pico_runtime_init/runtime_init_clocks.c.o
                0x0000000010001a38                runtime_init_clocks
 .text          0x0000000010001b10       0x10 CMakeFiles/wifi_sta.dir/data/home/wuxinyang/PICO_SDK/pico-sdk/src/rp2_common/pico_bit_ops/bit_ops_aeabi.S.o
 .text.__wrap___aeabi_idiv
                0x0000000010001b20       0x50 CMakeFiles/wifi_sta.dir/data/home/wuxinyang/PICO_SDK/pico-sdk/src/rp2_common/pico_divider/divider_hardware.S.o
                0x0000000010001b20                __wrap___aeabi_idivmod
                0x0000000010001b20                divmod_s32s32
                0x0000000010001b20                div_s32s32
                0x0000000010001b20                __wrap___aeabi_idiv
                0x0000000010001b28                divmod_s32s32_unsafe
                0x0000000010001b54                divmod_s32s32_savestate
 .text.__wrap___aeabi_uidiv
                0x0000000010001b70       0x4c CMakeFiles/wifi_sta.dir/data/home/wuxinyang/PICO_SDK/pico-sdk/src/rp2_common/pico_divider/divider_hardware.S.o
                0x0000000010001b70                __wrap___aeabi_uidiv
                0x0000000010001b70                __wrap___aeabi_uidivmod
                0x0000000010001b70                div_u32u32
                0x0000000010001b70                divmod_u32u32
                0x0000000010001b78                divmod_u32u32_unsafe
                0x0000000010001ba0                divmod_u32u32_savestate
 .text.__wrap___aeabi_ldiv
                0x0000000010001bbc      0x424 CMakeFiles/wifi_sta.dir/data/home/wuxinyang/PICO_SDK/pico-sdk/src/rp2_common/pico_divider/divider_hardware.S.o
                0x0000000010001bbc                div_s64s64
                0x0000000010001bbc                divmod_s64s64
                0x0000000010001bbc                __wrap___aeabi_ldivmod
                0x0000000010001bec                div_u64u64
                0x0000000010001bec                divmod_u64u64
                0x0000000010001bec                __wrap___aeabi_uldivmod
                0x0000000010001bfc                divmod_u64u64_savestate
                0x0000000010001c1c                divmod_s64s64_unsafe
                0x0000000010001ca4                divmod_u64u64_unsafe
 .text.__wrap___aeabi_darithmetic
                0x0000000010001fe0       0x80 CMakeFiles/wifi_sta.dir/data/home/wuxinyang/PICO_SDK/pico-sdk/src/rp2_common/pico_double/double_aeabi_rp2040.S.o
                0x0000000010001fe0                __wrap___aeabi_drsub
                0x0000000010001fe6                __wrap___aeabi_dsub
                0x0000000010001ff8                __wrap___aeabi_dadd
                0x000000001000200a                __wrap___aeabi_ddiv
                0x0000000010002046                __wrap___aeabi_dmul
 .text.__wrap___aeabi_cdcmple
                0x0000000010002060       0x6c CMakeFiles/wifi_sta.dir/data/home/wuxinyang/PICO_SDK/pico-sdk/src/rp2_common/pico_double/double_aeabi_rp2040.S.o
                0x0000000010002060                __wrap___aeabi_cdrcmple
                0x0000000010002070                __wrap___aeabi_cdcmple
                0x0000000010002070                __wrap___aeabi_cdcmpeq
 .text.__wrap___aeabi_dcmplt
                0x00000000100020cc        0xc CMakeFiles/wifi_sta.dir/data/home/wuxinyang/PICO_SDK/pico-sdk/src/rp2_common/pico_double/double_aeabi_rp2040.S.o
                0x00000000100020cc                __wrap___aeabi_dcmplt
 .text.__wrap___aeabi_dcmpge
                0x00000000100020d8       0x10 CMakeFiles/wifi_sta.dir/data/home/wuxinyang/PICO_SDK/pico-sdk/src/rp2_common/pico_double/double_aeabi_rp2040.S.o
                0x00000000100020d8                __wrap___aeabi_dcmpge
 .text.__wrap___aeabi_dcmpgt
                0x00000000100020e8        0xa CMakeFiles/wifi_sta.dir/data/home/wuxinyang/PICO_SDK/pico-sdk/src/rp2_common/pico_double/double_aeabi_rp2040.S.o
                0x00000000100020e8                __wrap___aeabi_dcmpgt
 .text.__wrap___aeabi_dcmpun
                0x00000000100020f2       0x18 CMakeFiles/wifi_sta.dir/data/home/wuxinyang/PICO_SDK/pico-sdk/src/rp2_common/pico_double/double_aeabi_rp2040.S.o
                0x00000000100020f2                __wrap___aeabi_dcmpun
 *fill*         0x000000001000210a        0x2 
 .text.__wrap___aeabi_i2d
                0x000000001000210c       0x38 CMakeFiles/wifi_sta.dir/data/home/wuxinyang/PICO_SDK/pico-sdk/src/rp2_common/pico_double/double_aeabi_rp2040.S.o
                0x000000001000210c                __wrap___aeabi_ui2d
                0x0000000010002114                __wrap___aeabi_i2d
 .text.__wrap___aeabi_d2iz
                0x0000000010002144       0x48 CMakeFiles/wifi_sta.dir/data/home/wuxinyang/PICO_SDK/pico-sdk/src/rp2_common/pico_double/double_aeabi_rp2040.S.o
                0x0000000010002144                __wrap___aeabi_d2iz
                0x0000000010002144                double2int_z
 .text.__wrap___aeabi_d2uiz
                0x000000001000218c       0x18 CMakeFiles/wifi_sta.dir/data/home/wuxinyang/PICO_SDK/pico-sdk/src/rp2_common/pico_double/double_aeabi_rp2040.S.o
                0x000000001000218c                double2uint
                0x000000001000218c                __wrap___aeabi_d2uiz
 .text.__aeabi_double_init
                0x00000000100021a4       0x6c CMakeFiles/wifi_sta.dir/data/home/wuxinyang/PICO_SDK/pico-sdk/src/rp2_common/pico_double/double_init_rom_rp2040.c.o
                0x00000000100021a4                __aeabi_double_init
 .text.double_table_shim_on_use_helper
                0x0000000010002210       0x2c CMakeFiles/wifi_sta.dir/data/home/wuxinyang/PICO_SDK/pico-sdk/src/rp2_common/pico_double/double_v1_rom_shim_rp2040.S.o
                0x0000000010002210                double_table_shim_on_use_helper
 .text.__wrap___aeabi_dsub
                0x000000001000223c       0x10 CMakeFiles/wifi_sta.dir/data/home/wuxinyang/PICO_SDK/pico-sdk/src/rp2_common/pico_double/double_v1_rom_shim_rp2040.S.o
                0x000000001000223c                drsub_shim
                0x0000000010002242                dsub_shim
 .text.dadd_shim
                0x000000001000224c      0x15c CMakeFiles/wifi_sta.dir/data/home/wuxinyang/PICO_SDK/pico-sdk/src/rp2_common/pico_double/double_v1_rom_shim_rp2040.S.o
                0x000000001000224c                dadd_shim
 .text.dmul_shim
                0x00000000100023a8      0x15c CMakeFiles/wifi_sta.dir/data/home/wuxinyang/PICO_SDK/pico-sdk/src/rp2_common/pico_double/double_v1_rom_shim_rp2040.S.o
                0x00000000100023a8                dmul_shim
 .text.ddiv_shim
                0x0000000010002504      0x1b0 CMakeFiles/wifi_sta.dir/data/home/wuxinyang/PICO_SDK/pico-sdk/src/rp2_common/pico_double/double_v1_rom_shim_rp2040.S.o
                0x0000000010002504                ddiv_shim
 .text.double2uint_shim
                0x00000000100026b4        0xe CMakeFiles/wifi_sta.dir/data/home/wuxinyang/PICO_SDK/pico-sdk/src/rp2_common/pico_double/double_v1_rom_shim_rp2040.S.o
                0x00000000100026b4                double2uint_shim
                0x00000000100026b6                double2ufix_shim
 *fill*         0x00000000100026c2        0x2 
 .text.double2uint64_shim
                0x00000000100026c4       0x70 CMakeFiles/wifi_sta.dir/data/home/wuxinyang/PICO_SDK/pico-sdk/src/rp2_common/pico_double/double_v1_rom_shim_rp2040.S.o
                0x00000000100026c4                double2uint64_shim
                0x00000000100026c6                double2ufix64_shim
                0x00000000100026e6                d2fix_a
 .text.dunpacks
                0x0000000010002734       0x3c CMakeFiles/wifi_sta.dir/data/home/wuxinyang/PICO_SDK/pico-sdk/src/rp2_common/pico_double/double_v1_rom_shim_rp2040.S.o
                0x0000000010002734                dunpacks
 .text.__aeabi_lmul
                0x0000000010002770       0x32 CMakeFiles/wifi_sta.dir/data/home/wuxinyang/PICO_SDK/pico-sdk/src/rp2_common/pico_int64_ops/pico_int64_ops_aeabi.S.o
                0x0000000010002770                __wrap___aeabi_lmul
 *fill*         0x00000000100027a2        0x2 
 .text.__aeabi_float_init
                0x00000000100027a4       0x68 CMakeFiles/wifi_sta.dir/data/home/wuxinyang/PICO_SDK/pico-sdk/src/rp2_common/pico_float/float_init_rom_rp2040.c.o
                0x00000000100027a4                __aeabi_float_init
 .text.float_table_shim_on_use_helper
                0x000000001000280c       0x2c CMakeFiles/wifi_sta.dir/data/home/wuxinyang/PICO_SDK/pico-sdk/src/rp2_common/pico_float/float_v1_rom_shim_rp2040.S.o
                0x000000001000280c                float_table_shim_on_use_helper
 .text.__wrap_malloc
                0x0000000010002838       0x24 CMakeFiles/wifi_sta.dir/data/home/wuxinyang/PICO_SDK/pico-sdk/src/rp2_common/pico_malloc/malloc.c.o
                0x0000000010002838                __wrap_malloc
 .text.__wrap_free
                0x000000001000285c        0x8 CMakeFiles/wifi_sta.dir/data/home/wuxinyang/PICO_SDK/pico-sdk/src/rp2_common/pico_malloc/malloc.c.o
                0x000000001000285c                __wrap_free
 .text          0x0000000010002864       0x10 CMakeFiles/wifi_sta.dir/data/home/wuxinyang/PICO_SDK/pico-sdk/src/rp2_common/pico_mem_ops/mem_ops_aeabi.S.o
                0x0000000010002864                __aeabi_mem_init
 .text.memset   0x0000000010002874        0xc CMakeFiles/wifi_sta.dir/data/home/wuxinyang/PICO_SDK/pico-sdk/src/rp2_common/pico_mem_ops/mem_ops_aeabi.S.o
                0x0000000010002874                __wrap_memset
 .text.memcpy   0x0000000010002880        0xc CMakeFiles/wifi_sta.dir/data/home/wuxinyang/PICO_SDK/pico-sdk/src/rp2_common/pico_mem_ops/mem_ops_aeabi.S.o
                0x0000000010002880                __wrap___aeabi_memcpy
                0x0000000010002880                __wrap_memcpy
 .text._out_buffer
                0x000000001000288c        0x8 CMakeFiles/wifi_sta.dir/data/home/wuxinyang/PICO_SDK/pico-sdk/src/rp2_common/pico_printf/printf.c.o
 .text._out_null
                0x0000000010002894        0x4 CMakeFiles/wifi_sta.dir/data/home/wuxinyang/PICO_SDK/pico-sdk/src/rp2_common/pico_printf/printf.c.o
 .text._out_char
                0x0000000010002898        0xc CMakeFiles/wifi_sta.dir/data/home/wuxinyang/PICO_SDK/pico-sdk/src/rp2_common/pico_printf/printf.c.o
 .text._ntoa_format
                0x00000000100028a4      0x270 CMakeFiles/wifi_sta.dir/data/home/wuxinyang/PICO_SDK/pico-sdk/src/rp2_common/pico_printf/printf.c.o
 .text._etoa.part.0
                0x0000000010002b14      0x56c CMakeFiles/wifi_sta.dir/data/home/wuxinyang/PICO_SDK/pico-sdk/src/rp2_common/pico_printf/printf.c.o
 .text._ftoa    0x0000000010003080      0x6f8 CMakeFiles/wifi_sta.dir/data/home/wuxinyang/PICO_SDK/pico-sdk/src/rp2_common/pico_printf/printf.c.o
 .text._ftoa.part.1
                0x0000000010003778      0x54c CMakeFiles/wifi_sta.dir/data/home/wuxinyang/PICO_SDK/pico-sdk/src/rp2_common/pico_printf/printf.c.o
 .text._vsnprintf
                0x0000000010003cc4     0x11e0 CMakeFiles/wifi_sta.dir/data/home/wuxinyang/PICO_SDK/pico-sdk/src/rp2_common/pico_printf/printf.c.o
 .text.__wrap_sprintf
                0x0000000010004ea4       0x28 CMakeFiles/wifi_sta.dir/data/home/wuxinyang/PICO_SDK/pico-sdk/src/rp2_common/pico_printf/printf.c.o
                0x0000000010004ea4                __wrap_sprintf
 .text.weak_raw_vprintf
                0x0000000010004ecc       0x30 CMakeFiles/wifi_sta.dir/data/home/wuxinyang/PICO_SDK/pico-sdk/src/rp2_common/pico_printf/printf.c.o
                0x0000000010004ecc                weak_raw_vprintf
 .text._exit    0x0000000010004efc        0x4 CMakeFiles/wifi_sta.dir/data/home/wuxinyang/PICO_SDK/pico-sdk/src/rp2_common/pico_clib_interface/newlib_interface.c.o
                0x0000000010004efc                _exit
 .text._sbrk    0x0000000010004f00       0x34 CMakeFiles/wifi_sta.dir/data/home/wuxinyang/PICO_SDK/pico-sdk/src/rp2_common/pico_clib_interface/newlib_interface.c.o
                0x0000000010004f00                _sbrk
 .text.exit     0x0000000010004f34        0x8 CMakeFiles/wifi_sta.dir/data/home/wuxinyang/PICO_SDK/pico-sdk/src/rp2_common/pico_clib_interface/newlib_interface.c.o
                0x0000000010004f34                exit
 .text.runtime_init
                0x0000000010004f3c       0x2c CMakeFiles/wifi_sta.dir/data/home/wuxinyang/PICO_SDK/pico-sdk/src/rp2_common/pico_clib_interface/newlib_interface.c.o
                0x0000000010004f3c                runtime_init
 .text.stdio_out_chars_no_crlf
                0x0000000010004f68       0x10 CMakeFiles/wifi_sta.dir/data/home/wuxinyang/PICO_SDK/pico-sdk/src/rp2_common/pico_stdio/stdio.c.o
 .text.stdio_out_chars_crlf
                0x0000000010004f78       0x9c CMakeFiles/wifi_sta.dir/data/home/wuxinyang/PICO_SDK/pico-sdk/src/rp2_common/pico_stdio/stdio.c.o
 .text.stdio_put_string
                0x0000000010005014       0xfc CMakeFiles/wifi_sta.dir/data/home/wuxinyang/PICO_SDK/pico-sdk/src/rp2_common/pico_stdio/stdio.c.o
                0x0000000010005014                stdio_put_string
 .text.stdio_set_driver_enabled
                0x0000000010005110       0x30 CMakeFiles/wifi_sta.dir/data/home/wuxinyang/PICO_SDK/pico-sdk/src/rp2_common/pico_stdio/stdio.c.o
                0x0000000010005110                stdio_set_driver_enabled
 .text.stdio_init_all
                0x0000000010005140        0xc CMakeFiles/wifi_sta.dir/data/home/wuxinyang/PICO_SDK/pico-sdk/src/rp2_common/pico_stdio/stdio.c.o
                0x0000000010005140                stdio_init_all
 .text.__wrap_putchar
                0x000000001000514c       0x94 CMakeFiles/wifi_sta.dir/data/home/wuxinyang/PICO_SDK/pico-sdk/src/rp2_common/pico_stdio/stdio.c.o
                0x000000001000514c                stdio_putchar
                0x000000001000514c                __wrap_putchar
 .text.__wrap_puts
                0x00000000100051e0       0x3c CMakeFiles/wifi_sta.dir/data/home/wuxinyang/PICO_SDK/pico-sdk/src/rp2_common/pico_stdio/stdio.c.o
                0x00000000100051e0                __wrap_puts
                0x00000000100051e0                stdio_puts
 .text.stdio_uart_out_chars
                0x000000001000521c       0x4c CMakeFiles/wifi_sta.dir/data/home/wuxinyang/PICO_SDK/pico-sdk/src/rp2_common/pico_stdio_uart/stdio_uart.c.o
 .text.stdio_uart_in_chars
                0x0000000010005268       0x80 CMakeFiles/wifi_sta.dir/data/home/wuxinyang/PICO_SDK/pico-sdk/src/rp2_common/pico_stdio_uart/stdio_uart.c.o
                0x0000000010005268                stdio_uart_in_chars
 .text.on_uart_rx
                0x00000000100052e8       0x28 CMakeFiles/wifi_sta.dir/data/home/wuxinyang/PICO_SDK/pico-sdk/src/rp2_common/pico_stdio_uart/stdio_uart.c.o
 .text.stdio_uart_out_flush
                0x0000000010005310       0x14 CMakeFiles/wifi_sta.dir/data/home/wuxinyang/PICO_SDK/pico-sdk/src/rp2_common/pico_stdio_uart/stdio_uart.c.o
 .text.stdio_uart_set_chars_available_callback
                0x0000000010005324       0x80 CMakeFiles/wifi_sta.dir/data/home/wuxinyang/PICO_SDK/pico-sdk/src/rp2_common/pico_stdio_uart/stdio_uart.c.o
 .text.stdio_uart_init
                0x00000000100053a4       0x50 CMakeFiles/wifi_sta.dir/data/home/wuxinyang/PICO_SDK/pico-sdk/src/rp2_common/pico_stdio_uart/stdio_uart.c.o
                0x00000000100053a4                stdio_uart_init
 .text.i2c_init
                0x00000000100053f4      0x104 CMakeFiles/wifi_sta.dir/data/home/wuxinyang/PICO_SDK/pico-sdk/src/rp2_common/hardware_i2c/i2c.c.o
                0x00000000100053f4                i2c_init
 .text.i2c_write_blocking
                0x00000000100054f8       0xdc CMakeFiles/wifi_sta.dir/data/home/wuxinyang/PICO_SDK/pico-sdk/src/rp2_common/hardware_i2c/i2c.c.o
                0x00000000100054f8                i2c_write_blocking
 .text          0x00000000100055d4       0x28 /usr/lib/gcc/arm-none-eabi/7.3.1/../../../arm-none-eabi/lib/thumb/v6-m/libg.a(lib_a-malloc.o)
                0x00000000100055d4                malloc
                0x00000000100055e8                free
 .text          0x00000000100055fc      0x570 /usr/lib/gcc/arm-none-eabi/7.3.1/../../../arm-none-eabi/lib/thumb/v6-m/libg.a(lib_a-mallocr.o)
                0x00000000100055fc                _malloc_r
 .text          0x0000000010005b6c        0x8 /usr/lib/gcc/arm-none-eabi/7.3.1/../../../arm-none-eabi/lib/thumb/v6-m/libg.a(lib_a-mlock.o)
                0x0000000010005b6c                __malloc_lock
                0x0000000010005b70                __malloc_unlock
 .text          0x0000000010005b74       0x24 /usr/lib/gcc/arm-none-eabi/7.3.1/../../../arm-none-eabi/lib/thumb/v6-m/libg.a(lib_a-sbrkr.o)
                0x0000000010005b74                _sbrk_r
 .text          0x0000000010005b98       0x64 /usr/lib/gcc/arm-none-eabi/7.3.1/../../../arm-none-eabi/lib/thumb/v6-m/libg.a(lib_a-strlen-stub.o)
                0x0000000010005b98                strlen
 .text          0x0000000010005bfc      0x274 /usr/lib/gcc/arm-none-eabi/7.3.1/../../../arm-none-eabi/lib/thumb/v6-m/libg.a(lib_a-freer.o)
                0x0000000010005bfc                _malloc_trim_r
                0x0000000010005c9c                _free_r
 *(.fini)
 .fini          0x0000000010005e70        0x4 /usr/lib/gcc/arm-none-eabi/7.3.1/thumb/v6-m/crti.o
                0x0000000010005e70                _fini
 *fill*         0x0000000010005e74        0x4 
 .fini.__stub   0x0000000010005e78       0x40 linker stubs
 *crtbegin.o(.ctors)
 *crtbegin?.o(.ctors)
 *(EXCLUDE_FILE(*crtend.o *crtend?.o) .ctors)
 *(SORT_BY_NAME(.ctors.*))
 *(.ctors)
 *crtbegin.o(.dtors)
 *crtbegin?.o(.dtors)
 *(EXCLUDE_FILE(*crtend.o *crtend?.o) .dtors)
 *(SORT_BY_NAME(.dtors.*))
 *(.dtors)
                0x0000000010005eb8                . = ALIGN (0x4)
                0x0000000010005eb8                PROVIDE (__preinit_array_start = .)
 *(SORT_BY_NAME(.preinit_array.*))
 .preinit_array.00100
                0x0000000010005eb8        0x4 CMakeFiles/wifi_sta.dir/data/home/wuxinyang/PICO_SDK/pico-sdk/src/rp2_common/pico_runtime_init/runtime_init.c.o
                0x0000000010005eb8                __pre_init_runtime_init_early_resets
 .preinit_array.00101
                0x0000000010005ebc        0x4 CMakeFiles/wifi_sta.dir/data/home/wuxinyang/PICO_SDK/pico-sdk/src/rp2_common/pico_runtime_init/runtime_init.c.o
                0x0000000010005ebc                __pre_init_runtime_init_usb_power_down
 .preinit_array.00275
                0x0000000010005ec0        0x4 CMakeFiles/wifi_sta.dir/data/home/wuxinyang/PICO_SDK/pico-sdk/src/rp2_common/pico_bit_ops/bit_ops_aeabi.S.o
 .preinit_array.00300
                0x0000000010005ec4        0x4 CMakeFiles/wifi_sta.dir/data/home/wuxinyang/PICO_SDK/pico-sdk/src/rp2_common/pico_mem_ops/mem_ops_aeabi.S.o
 .preinit_array.00350
                0x0000000010005ec8        0x4 CMakeFiles/wifi_sta.dir/data/home/wuxinyang/PICO_SDK/pico-sdk/src/rp2_common/pico_double/double_aeabi_rp2040.S.o
 .preinit_array.00350
                0x0000000010005ecc        0x4 CMakeFiles/wifi_sta.dir/data/home/wuxinyang/PICO_SDK/pico-sdk/src/rp2_common/pico_float/float_aeabi_rp2040.S.o
 .preinit_array.00500
                0x0000000010005ed0        0x4 CMakeFiles/wifi_sta.dir/data/home/wuxinyang/PICO_SDK/pico-sdk/src/rp2_common/pico_runtime_init/runtime_init.c.o
                0x0000000010005ed0                __pre_init_runtime_init_clocks
 .preinit_array.00600
                0x0000000010005ed4        0x4 CMakeFiles/wifi_sta.dir/data/home/wuxinyang/PICO_SDK/pico-sdk/src/rp2_common/pico_runtime_init/runtime_init.c.o
                0x0000000010005ed4                __pre_init_runtime_init_post_clock_resets
 .preinit_array.00700
                0x0000000010005ed8        0x4 CMakeFiles/wifi_sta.dir/data/home/wuxinyang/PICO_SDK/pico-sdk/src/rp2_common/pico_runtime_init/runtime_init.c.o
                0x0000000010005ed8                __pre_init_runtime_init_rp2040_gpio_ie_disable
 .preinit_array.01000
                0x0000000010005edc        0x4 CMakeFiles/wifi_sta.dir/data/home/wuxinyang/PICO_SDK/pico-sdk/src/rp2_common/pico_runtime_init/runtime_init.c.o
                0x0000000010005edc                __pre_init_runtime_init_spin_locks_reset
 .preinit_array.01100
                0x0000000010005ee0        0x4 CMakeFiles/wifi_sta.dir/data/home/wuxinyang/PICO_SDK/pico-sdk/src/common/pico_sync/mutex.c.o
                0x0000000010005ee0                __pre_init_runtime_init_mutex
 .preinit_array.10080
                0x0000000010005ee4        0x4 CMakeFiles/wifi_sta.dir/data/home/wuxinyang/PICO_SDK/pico-sdk/src/rp2_common/pico_runtime_init/runtime_init.c.o
                0x0000000010005ee4                __pre_init_runtime_init_install_ram_vector_table
 .preinit_array.11000
                0x0000000010005ee8        0x4 CMakeFiles/wifi_sta.dir/data/home/wuxinyang/PICO_SDK/pico-sdk/src/common/pico_time/time.c.o
                0x0000000010005ee8                __pre_init_runtime_init_default_alarm_pool
 .preinit_array.YYYYY
                0x0000000010005eec        0x4 CMakeFiles/wifi_sta.dir/data/home/wuxinyang/PICO_SDK/pico-sdk/src/rp2_common/pico_runtime/runtime.c.o
                0x0000000010005eec                __pre_init_first_per_core_initializer
 .preinit_array.ZZZZZ.01200
                0x0000000010005ef0        0x4 CMakeFiles/wifi_sta.dir/data/home/wuxinyang/PICO_SDK/pico-sdk/src/rp2_common/hardware_irq/irq.c.o
                0x0000000010005ef0                __pre_init_runtime_init_per_core_irq_priorities
 *(.preinit_array)
                0x0000000010005ef4                PROVIDE (__preinit_array_end = .)
                0x0000000010005ef4                . = ALIGN (0x4)
                0x0000000010005ef4                PROVIDE (__init_array_start = .)
 *(SORT_BY_NAME(.init_array.*))
 *(.init_array)
 .init_array    0x0000000010005ef4        0x4 /usr/lib/gcc/arm-none-eabi/7.3.1/thumb/v6-m/crtbegin.o
                0x0000000010005ef8                PROVIDE (__init_array_end = .)
                0x0000000010005ef8                . = ALIGN (0x4)
                0x0000000010005ef8                PROVIDE (__fini_array_start = .)
 *(SORT_BY_NAME(.fini_array.*))
 *(.fini_array)
                0x0000000010005ef8                PROVIDE (__fini_array_end = .)
 *(.eh_frame*)
 .eh_frame      0x0000000010005ef8        0x0 /usr/lib/gcc/arm-none-eabi/7.3.1/thumb/v6-m/crtbegin.o
                0x0000000010005ef8                . = ALIGN (0x4)

.glue_7         0x0000000010005ef8        0x0
 .glue_7        0x0000000010005ef8        0x0 linker stubs

.glue_7t        0x0000000010005ef8        0x0
 .glue_7t       0x0000000010005ef8        0x0 linker stubs

.vfp11_veneer   0x0000000010005ef8        0x0
 .vfp11_veneer  0x0000000010005ef8        0x0 linker stubs

.v4_bx          0x0000000010005ef8        0x0
 .v4_bx         0x0000000010005ef8        0x0 linker stubs

.iplt           0x0000000010005ef8        0x0
 .iplt          0x0000000010005ef8        0x0 /usr/lib/gcc/arm-none-eabi/7.3.1/thumb/v6-m/crtbegin.o

.rodata         0x0000000010005ef8      0x6a0
 *(EXCLUDE_FILE(*libm.a: *libc.a:*lib_a-mem*.o *libgcc.a:) .rodata*)
 .rodata        0x0000000010005ef8       0x20 CMakeFiles/wifi_sta.dir/src/main.c.o
 .rodata.str1.4
                0x0000000010005f18       0x75 CMakeFiles/wifi_sta.dir/src/main.c.o
 *fill*         0x0000000010005f8d        0x3 
 .rodata.configure_esp8285.str1.4
                0x0000000010005f90       0x27 CMakeFiles/wifi_sta.dir/src/wifi_sta.c.o
 *fill*         0x0000000010005fb7        0x1 
 .rodata.str1.4
                0x0000000010005fb8       0x1a CMakeFiles/wifi_sta.dir/src/wifi_sta.c.o
 *fill*         0x0000000010005fd2        0x2 
 .rodata        0x0000000010005fd4       0x1a CMakeFiles/wifi_sta.dir/src/ssd1306/i2c.c.o
 *fill*         0x0000000010005fee        0x2 
 .rodata.font   0x0000000010005ff0      0x128 CMakeFiles/wifi_sta.dir/src/ssd1306/i2c.c.o
 .rodata.panic.str1.4
                0x0000000010006118       0x12 CMakeFiles/wifi_sta.dir/data/home/wuxinyang/PICO_SDK/pico-sdk/src/rp2_common/pico_platform_panic/panic.c.o
 *fill*         0x000000001000612a        0x2 
 .rodata.timer_hardware_alarm_claim.str1.4
                0x000000001000612c       0x22 CMakeFiles/wifi_sta.dir/data/home/wuxinyang/PICO_SDK/pico-sdk/src/rp2_common/hardware_timer/timer.c.o
 *fill*         0x000000001000614e        0x2 
 .rodata.hard_assertion_failure.str1.4
                0x0000000010006150        0xc CMakeFiles/wifi_sta.dir/data/home/wuxinyang/PICO_SDK/pico-sdk/src/rp2_common/pico_runtime/runtime.c.o
 .rodata.__wrap_malloc.str1.4
                0x000000001000615c        0xe CMakeFiles/wifi_sta.dir/data/home/wuxinyang/PICO_SDK/pico-sdk/src/rp2_common/pico_malloc/malloc.c.o
 *fill*         0x000000001000616a        0x2 
 .rodata.__bi_26
                0x000000001000616c        0xc CMakeFiles/wifi_sta.dir/data/home/wuxinyang/PICO_SDK/pico-sdk/src/rp2_common/pico_standard_binary_info/standard_binary_info.c.o
 .rodata.__bi_34
                0x0000000010006178        0xc CMakeFiles/wifi_sta.dir/data/home/wuxinyang/PICO_SDK/pico-sdk/src/rp2_common/pico_standard_binary_info/standard_binary_info.c.o
 .rodata.__bi_42
                0x0000000010006184        0xc CMakeFiles/wifi_sta.dir/data/home/wuxinyang/PICO_SDK/pico-sdk/src/rp2_common/pico_standard_binary_info/standard_binary_info.c.o
 .rodata.__bi_48
                0x0000000010006190        0xc CMakeFiles/wifi_sta.dir/data/home/wuxinyang/PICO_SDK/pico-sdk/src/rp2_common/pico_standard_binary_info/standard_binary_info.c.o
 .rodata.__bi_54
                0x000000001000619c        0xc CMakeFiles/wifi_sta.dir/data/home/wuxinyang/PICO_SDK/pico-sdk/src/rp2_common/pico_standard_binary_info/standard_binary_info.c.o
 .rodata.__bi_78
                0x00000000100061a8        0xc CMakeFiles/wifi_sta.dir/data/home/wuxinyang/PICO_SDK/pico-sdk/src/rp2_common/pico_standard_binary_info/standard_binary_info.c.o
 .rodata.__bi_84
                0x00000000100061b4        0xc CMakeFiles/wifi_sta.dir/data/home/wuxinyang/PICO_SDK/pico-sdk/src/rp2_common/pico_standard_binary_info/standard_binary_info.c.o
 .rodata.str1.4
                0x00000000100061c0       0x40 CMakeFiles/wifi_sta.dir/data/home/wuxinyang/PICO_SDK/pico-sdk/src/rp2_common/pico_standard_binary_info/standard_binary_info.c.o
 .rodata._vsnprintf
                0x0000000010006200      0x1e0 CMakeFiles/wifi_sta.dir/data/home/wuxinyang/PICO_SDK/pico-sdk/src/rp2_common/pico_printf/printf.c.o
 .rodata._etoa.part.0.str1.4
                0x00000000100063e0        0x9 CMakeFiles/wifi_sta.dir/data/home/wuxinyang/PICO_SDK/pico-sdk/src/rp2_common/pico_printf/printf.c.o
 *fill*         0x00000000100063e9        0x3 
 .rodata._ftoa.str1.4
                0x00000000100063ec        0xc CMakeFiles/wifi_sta.dir/data/home/wuxinyang/PICO_SDK/pico-sdk/src/rp2_common/pico_printf/printf.c.o
 .rodata.pow10.5404
                0x00000000100063f8       0x50 CMakeFiles/wifi_sta.dir/data/home/wuxinyang/PICO_SDK/pico-sdk/src/rp2_common/pico_printf/printf.c.o
 .rodata.crlf_str.6366
                0x0000000010006448        0x2 CMakeFiles/wifi_sta.dir/data/home/wuxinyang/PICO_SDK/pico-sdk/src/rp2_common/pico_stdio/stdio.c.o
 *fill*         0x000000001000644a        0x2 
 .rodata.__bi_45.5221
                0x000000001000644c        0xc CMakeFiles/wifi_sta.dir/data/home/wuxinyang/PICO_SDK/pico-sdk/src/rp2_common/pico_stdio_uart/stdio_uart.c.o
 .rodata.__bi_49.5225
                0x0000000010006458        0x8 CMakeFiles/wifi_sta.dir/data/home/wuxinyang/PICO_SDK/pico-sdk/src/rp2_common/pico_stdio_uart/stdio_uart.c.o
 .rodata.__bi_50.5229
                0x0000000010006460        0x8 CMakeFiles/wifi_sta.dir/data/home/wuxinyang/PICO_SDK/pico-sdk/src/rp2_common/pico_stdio_uart/stdio_uart.c.o
 .rodata.str1.4
                0x0000000010006468       0x2c CMakeFiles/wifi_sta.dir/data/home/wuxinyang/PICO_SDK/pico-sdk/src/rp2_common/pico_stdio_uart/stdio_uart.c.o
 .rodata        0x0000000010006494      0x101 /usr/lib/gcc/arm-none-eabi/7.3.1/../../../arm-none-eabi/lib/thumb/v6-m/libg.a(lib_a-ctype_.o)
                0x0000000010006494                _ctype_
                0x0000000010006598                . = ALIGN (0x4)
 *fill*         0x0000000010006595        0x3 
 *(SORT_BY_ALIGNMENT(SORT_BY_NAME(.flashdata*)))
                0x0000000010006598                . = ALIGN (0x4)

.ARM.extab
 *(.ARM.extab* .gnu.linkonce.armextab.*)
                0x0000000010006598                __exidx_start = .

.ARM.exidx
 *(.ARM.exidx* .gnu.linkonce.armexidx.*)
                0x0000000010006598                __exidx_end = .
                0x0000000010006598                . = ALIGN (0x4)
                0x0000000010006598                __binary_info_start = .

.binary_info    0x0000000010006598       0x28
 *(.binary_info.keep.*)
 .binary_info.keep.__bi_ptr26
                0x0000000010006598        0x4 CMakeFiles/wifi_sta.dir/data/home/wuxinyang/PICO_SDK/pico-sdk/src/rp2_common/pico_standard_binary_info/standard_binary_info.c.o
 .binary_info.keep.__bi_ptr34
                0x000000001000659c        0x4 CMakeFiles/wifi_sta.dir/data/home/wuxinyang/PICO_SDK/pico-sdk/src/rp2_common/pico_standard_binary_info/standard_binary_info.c.o
 .binary_info.keep.__bi_ptr42
                0x00000000100065a0        0x4 CMakeFiles/wifi_sta.dir/data/home/wuxinyang/PICO_SDK/pico-sdk/src/rp2_common/pico_standard_binary_info/standard_binary_info.c.o
 .binary_info.keep.__bi_ptr48
                0x00000000100065a4        0x4 CMakeFiles/wifi_sta.dir/data/home/wuxinyang/PICO_SDK/pico-sdk/src/rp2_common/pico_standard_binary_info/standard_binary_info.c.o
 .binary_info.keep.__bi_ptr54
                0x00000000100065a8        0x4 CMakeFiles/wifi_sta.dir/data/home/wuxinyang/PICO_SDK/pico-sdk/src/rp2_common/pico_standard_binary_info/standard_binary_info.c.o
 .binary_info.keep.__bi_ptr78
                0x00000000100065ac        0x4 CMakeFiles/wifi_sta.dir/data/home/wuxinyang/PICO_SDK/pico-sdk/src/rp2_common/pico_standard_binary_info/standard_binary_info.c.o
 .binary_info.keep.__bi_ptr84
                0x00000000100065b0        0x4 CMakeFiles/wifi_sta.dir/data/home/wuxinyang/PICO_SDK/pico-sdk/src/rp2_common/pico_standard_binary_info/standard_binary_info.c.o
 *(.binary_info.*)
 .binary_info.__bi_ptr45
                0x00000000100065b4        0x4 CMakeFiles/wifi_sta.dir/data/home/wuxinyang/PICO_SDK/pico-sdk/src/rp2_common/pico_stdio_uart/stdio_uart.c.o
 .binary_info.__bi_ptr49
                0x00000000100065b8        0x4 CMakeFiles/wifi_sta.dir/data/home/wuxinyang/PICO_SDK/pico-sdk/src/rp2_common/pico_stdio_uart/stdio_uart.c.o
 .binary_info.__bi_ptr50
                0x00000000100065bc        0x4 CMakeFiles/wifi_sta.dir/data/home/wuxinyang/PICO_SDK/pico-sdk/src/rp2_common/pico_stdio_uart/stdio_uart.c.o
                0x00000000100065c0                __binary_info_end = .

.rel.dyn        0x00000000100065c0        0x0
 .rel.iplt      0x00000000100065c0        0x0 /usr/lib/gcc/arm-none-eabi/7.3.1/thumb/v6-m/crtbegin.o
                0x00000000100065c0                . = ALIGN (0x4)

.ram_vector_table
                0x0000000020000000       0xc0
 *(.ram_vector_table)
 .ram_vector_table
                0x0000000020000000       0xc0 CMakeFiles/wifi_sta.dir/data/home/wuxinyang/PICO_SDK/pico-sdk/src/rp2_common/pico_runtime_init/runtime_init.c.o
                0x0000000020000000                ram_vector_table

.uninitialized_data
                0x00000000200000c0        0x0
                0x00000000200000c0                . = ALIGN (0x4)
 *(.uninitialized_data*)

.data           0x00000000200000c0      0x9d8 load address 0x00000000100065c0
                0x00000000200000c0                __data_start__ = .
 *(vtable)
 *(.time_critical*)
 .time_critical.mutex_try_enter_block_until
                0x00000000200000c0       0x9c CMakeFiles/wifi_sta.dir/data/home/wuxinyang/PICO_SDK/pico-sdk/src/common/pico_sync/mutex.c.o
                0x00000000200000c0                mutex_try_enter_block_until
 .time_critical.mutex_exit
                0x000000002000015c       0x28 CMakeFiles/wifi_sta.dir/data/home/wuxinyang/PICO_SDK/pico-sdk/src/common/pico_sync/mutex.c.o
                0x000000002000015c                mutex_exit
 *(.text*)
 .text          0x0000000020000184        0x4 /usr/lib/gcc/arm-none-eabi/7.3.1/thumb/v6-m/libgcc.a(_dvmd_tls.o)
                0x0000000020000184                __aeabi_ldiv0
                0x0000000020000184                __aeabi_idiv0
 .text.__stub   0x0000000020000188       0x10 linker stubs
                0x0000000020000198                . = ALIGN (0x4)
 *(.rodata*)
                0x0000000020000198                . = ALIGN (0x4)
 *(.data*)
 .data.password
                0x0000000020000198        0x4 CMakeFiles/wifi_sta.dir/src/wifi_sta.c.o
                0x0000000020000198                password
 .data.ssid     0x000000002000019c        0x4 CMakeFiles/wifi_sta.dir/src/wifi_sta.c.o
                0x000000002000019c                ssid
 .data.striped_spin_lock_num
                0x00000000200001a0        0x1 CMakeFiles/wifi_sta.dir/data/home/wuxinyang/PICO_SDK/pico-sdk/src/rp2_common/hardware_sync/sync.c.o
 *fill*         0x00000000200001a1        0x3 
 .data          0x00000000200001a4       0x48 CMakeFiles/wifi_sta.dir/data/home/wuxinyang/PICO_SDK/pico-sdk/src/rp2_common/hardware_irq/irq_handler_chain.S.o
                0x00000000200001a4                irq_handler_chain_slots
                0x00000000200001d4                irq_handler_chain_first_slot
                0x00000000200001de                irq_handler_chain_remove_tail
 .data.default_alarm_pool
                0x00000000200001ec       0x18 CMakeFiles/wifi_sta.dir/data/home/wuxinyang/PICO_SDK/pico-sdk/src/common/pico_time/time.c.o
 *fill*         0x0000000020000204        0xc 
 .data.aeabi_bits_funcs
                0x0000000020000210       0x10 CMakeFiles/wifi_sta.dir/data/home/wuxinyang/PICO_SDK/pico-sdk/src/rp2_common/pico_bit_ops/bit_ops_aeabi.S.o
                0x0000000020000210                aeabi_bits_funcs
                0x0000000020000220                aeabi_bits_funcs_end
 .data.aeabi_mem_funcs
                0x0000000020000220       0x10 CMakeFiles/wifi_sta.dir/data/home/wuxinyang/PICO_SDK/pico-sdk/src/rp2_common/pico_mem_ops/mem_ops_aeabi.S.o
                0x0000000020000220                aeabi_mem_funcs
                0x0000000020000230                aeabi_mem_funcs_end
 .data.stdio_uart
                0x0000000020000230       0x18 CMakeFiles/wifi_sta.dir/data/home/wuxinyang/PICO_SDK/pico-sdk/src/rp2_common/pico_stdio_uart/stdio_uart.c.o
                0x0000000020000230                stdio_uart
 .data.i2c0_inst
                0x0000000020000248        0x8 CMakeFiles/wifi_sta.dir/data/home/wuxinyang/PICO_SDK/pico-sdk/src/rp2_common/hardware_i2c/i2c.c.o
                0x0000000020000248                i2c0_inst
 .data          0x0000000020000250      0x430 /usr/lib/gcc/arm-none-eabi/7.3.1/../../../arm-none-eabi/lib/thumb/v6-m/libg.a(lib_a-impure.o)
                0x0000000020000250                _impure_ptr
 .data          0x0000000020000680      0x410 /usr/lib/gcc/arm-none-eabi/7.3.1/../../../arm-none-eabi/lib/thumb/v6-m/libg.a(lib_a-mallocr.o)
                0x0000000020000680                __malloc_sbrk_base
                0x0000000020000684                __malloc_trim_threshold
                0x0000000020000688                __malloc_av_
                0x0000000020000a90                . = ALIGN (0x4)
 *(.after_data.*)
                0x0000000020000a90                . = ALIGN (0x4)
                0x0000000020000a90                PROVIDE (__mutex_array_start = .)
 *(SORT_BY_NAME(.mutex_array.*))
 *(.mutex_array)
 .mutex_array   0x0000000020000a90        0x8 CMakeFiles/wifi_sta.dir/data/home/wuxinyang/PICO_SDK/pico-sdk/src/rp2_common/pico_stdio/stdio.c.o
                0x0000000020000a98                PROVIDE (__mutex_array_end = .)
                0x0000000020000a98                . = ALIGN (0x4)
 *(.jcr)
                0x0000000020000a98                . = ALIGN (0x4)

.tm_clone_table
                0x0000000020000a98        0x0 load address 0x0000000010006f98
 .tm_clone_table
                0x0000000020000a98        0x0 /usr/lib/gcc/arm-none-eabi/7.3.1/thumb/v6-m/crtbegin.o
 .tm_clone_table
                0x0000000020000a98        0x0 /usr/lib/gcc/arm-none-eabi/7.3.1/thumb/v6-m/crtend.o

.igot.plt       0x0000000020000a98        0x0 load address 0x0000000010006f98
 .igot.plt      0x0000000020000a98        0x0 /usr/lib/gcc/arm-none-eabi/7.3.1/thumb/v6-m/crtbegin.o

.tdata          0x0000000020000a98        0x0 load address 0x0000000010006f98
                0x0000000020000a98                . = ALIGN (0x4)
 *(.tdata .tdata.* .gnu.linkonce.td.*)
                0x0000000020000a98                __tdata_end = .
                0x0000000020000a98                PROVIDE (__data_end__ = .)
                0x00000000100065c0                __etext = LOADADDR (.data)

.tbss           0x0000000020000a98        0x0 load address 0x0000000010006f98
                0x0000000020000a98                . = ALIGN (0x4)
                0x0000000020000a98                __bss_start__ = .
                0x0000000020000a98                __tls_base = .
 *(.tbss .tbss.* .gnu.linkonce.tb.*)
 *(.tcommon)
                0x0000000020000a98                __tls_end = .

.bss            0x0000000020000a98      0x43c load address 0x0000000010006f98
                0x0000000020000a98                . = ALIGN (0x4)
                0x0000000020000a98                __tbss_end = .
 *(SORT_BY_ALIGNMENT(SORT_BY_NAME(.bss*)))
 .bss.default_alarm_pool_entries
                0x0000000020000a98      0x180 CMakeFiles/wifi_sta.dir/data/home/wuxinyang/PICO_SDK/pico-sdk/src/common/pico_time/time.c.o
 .bss           0x0000000020000c18       0x1c /usr/lib/gcc/arm-none-eabi/7.3.1/thumb/v6-m/crtbegin.o
 .bss           0x0000000020000c34       0x34 /usr/lib/gcc/arm-none-eabi/7.3.1/../../../arm-none-eabi/lib/thumb/v6-m/libg.a(lib_a-mallocr.o)
                0x0000000020000c34                __malloc_top_pad
                0x0000000020000c38                __malloc_current_mallinfo
                0x0000000020000c60                __malloc_max_sbrked_mem
                0x0000000020000c64                __malloc_max_total_mem
 .bss.chars_available_callback
                0x0000000020000c68        0x4 CMakeFiles/wifi_sta.dir/data/home/wuxinyang/PICO_SDK/pico-sdk/src/rp2_common/pico_stdio_uart/stdio_uart.c.o
 .bss.chars_available_param
                0x0000000020000c6c        0x4 CMakeFiles/wifi_sta.dir/data/home/wuxinyang/PICO_SDK/pico-sdk/src/rp2_common/pico_stdio_uart/stdio_uart.c.o
 .bss.claimed   0x0000000020000c70        0x1 CMakeFiles/wifi_sta.dir/data/home/wuxinyang/PICO_SDK/pico-sdk/src/rp2_common/hardware_timer/timer.c.o
 *fill*         0x0000000020000c71        0x3 
 .bss.configured_freq
                0x0000000020000c74       0x28 CMakeFiles/wifi_sta.dir/data/home/wuxinyang/PICO_SDK/pico-sdk/src/rp2_common/hardware_clocks/clocks.c.o
 .bss.drivers   0x0000000020000c9c        0x4 CMakeFiles/wifi_sta.dir/data/home/wuxinyang/PICO_SDK/pico-sdk/src/rp2_common/pico_stdio/stdio.c.o
 .bss.filter    0x0000000020000ca0        0x4 CMakeFiles/wifi_sta.dir/data/home/wuxinyang/PICO_SDK/pico-sdk/src/rp2_common/pico_stdio/stdio.c.o
 .bss.heap_end.6311
                0x0000000020000ca4        0x4 CMakeFiles/wifi_sta.dir/data/home/wuxinyang/PICO_SDK/pico-sdk/src/rp2_common/pico_clib_interface/newlib_interface.c.o
 .bss.lazy_vsnprintf
                0x0000000020000ca8        0x4 CMakeFiles/wifi_sta.dir/data/home/wuxinyang/PICO_SDK/pico-sdk/src/rp2_common/pico_printf/printf.c.o
 .bss.pools     0x0000000020000cac       0x10 CMakeFiles/wifi_sta.dir/data/home/wuxinyang/PICO_SDK/pico-sdk/src/common/pico_time/time.c.o
 .bss.sf_clz_func
                0x0000000020000cbc        0x4 CMakeFiles/wifi_sta.dir/data/home/wuxinyang/PICO_SDK/pico-sdk/src/rp2_common/pico_double/double_init_rom_rp2040.c.o
                0x0000000020000cbc                sf_clz_func
 .bss.sleep_notifier
                0x0000000020000cc0        0x4 CMakeFiles/wifi_sta.dir/data/home/wuxinyang/PICO_SDK/pico-sdk/src/common/pico_time/time.c.o
 .bss.uart_instance
                0x0000000020000cc4        0x4 CMakeFiles/wifi_sta.dir/data/home/wuxinyang/PICO_SDK/pico-sdk/src/rp2_common/pico_stdio_uart/stdio_uart.c.o
 .bss.irq_handler_chain_free_slot_head
                0x0000000020000cc8        0x1 CMakeFiles/wifi_sta.dir/data/home/wuxinyang/PICO_SDK/pico-sdk/src/rp2_common/hardware_irq/irq.c.o
 *(COMMON)
 *fill*         0x0000000020000cc9        0x3 
 COMMON         0x0000000020000ccc        0x4 CMakeFiles/wifi_sta.dir/data/home/wuxinyang/PICO_SDK/pico-sdk/src/rp2_common/hardware_uart/uart.c.o
                0x0000000020000ccc                uart_char_to_line_feed
 COMMON         0x0000000020000cd0      0x100 CMakeFiles/wifi_sta.dir/data/home/wuxinyang/PICO_SDK/pico-sdk/src/rp2_common/pico_double/double_init_rom_rp2040.c.o
                0x0000000020000cd0                sd_table
 COMMON         0x0000000020000dd0      0x100 CMakeFiles/wifi_sta.dir/data/home/wuxinyang/PICO_SDK/pico-sdk/src/rp2_common/pico_float/float_init_rom_rp2040.c.o
                0x0000000020000dd0                sf_table
 COMMON         0x0000000020000ed0        0x4 /usr/lib/gcc/arm-none-eabi/7.3.1/../../../arm-none-eabi/lib/thumb/v6-m/libg.a(lib_a-reent.o)
                0x0000000020000ed0                errno
                0x0000000020000ed4                . = ALIGN (0x4)
                0x0000000020000ed4                __bss_end__ = .

.heap           0x0000000020000ed4      0x800 load address 0x0000000010006f98
                0x0000000020000ed4                __end__ = .
                0x0000000020000ed4                end = __end__
 *(.heap*)
 .heap          0x0000000020000ed4      0x800 CMakeFiles/wifi_sta.dir/data/home/wuxinyang/PICO_SDK/pico-sdk/src/rp2_common/pico_crt0/crt0.S.o
                0x0000000020040000                __HeapLimit = (ORIGIN (RAM) + LENGTH (RAM))

.scratch_x      0x0000000020040000        0x0 load address 0x0000000010006f98
                0x0000000020040000                __scratch_x_start__ = .
 *(.scratch_x.*)
                0x0000000020040000                . = ALIGN (0x4)
                0x0000000020040000                __scratch_x_end__ = .
                0x0000000010006f98                __scratch_x_source__ = LOADADDR (.scratch_x)

.scratch_y      0x0000000020041000        0x0 load address 0x0000000010006f98
                0x0000000020041000                __scratch_y_start__ = .
 *(.scratch_y.*)
                0x0000000020041000                . = ALIGN (0x4)
                0x0000000020041000                __scratch_y_end__ = .
                0x0000000010006f98                __scratch_y_source__ = LOADADDR (.scratch_y)

.stack1_dummy   0x0000000020040000        0x0
 *(.stack1*)

.stack_dummy    0x0000000020041000      0x800
 *(.stack*)
 .stack         0x0000000020041000      0x800 CMakeFiles/wifi_sta.dir/data/home/wuxinyang/PICO_SDK/pico-sdk/src/rp2_common/pico_crt0/crt0.S.o

.flash_end      0x0000000010006f98        0x0
 *(.embedded_end_block*)
                0x0000000010006f98                PROVIDE (__flash_binary_end = .)
                0x0000000020040000                __StackLimit = (ORIGIN (RAM) + LENGTH (RAM))
                0x0000000020041000                __StackOneTop = (ORIGIN (SCRATCH_X) + LENGTH (SCRATCH_X))
                0x0000000020042000                __StackTop = (ORIGIN (SCRATCH_Y) + LENGTH (SCRATCH_Y))
                0x0000000020041000                __StackOneBottom = (__StackOneTop - SIZEOF (.stack1_dummy))
                0x0000000020041800                __StackBottom = (__StackTop - SIZEOF (.stack_dummy))
                0x0000000020042000                PROVIDE (__stack = __StackTop)
                [!provide]                        PROVIDE (__heap_start = __end__)
                [!provide]                        PROVIDE (__heap_end = __HeapLimit)
                [!provide]                        PROVIDE (__tls_align = MAX (ALIGNOF (.tdata), ALIGNOF (.tbss)))
                [!provide]                        PROVIDE (__tls_size_align = (((__tls_size + __tls_align) - 0x1) & ~ ((__tls_align - 0x1))))
                [!provide]                        PROVIDE (__arm32_tls_tcb_offset = MAX (0x8, __tls_align))
                [!provide]                        PROVIDE (_end = __end__)
                [!provide]                        PROVIDE (__llvm_libc_heap_limit = __HeapLimit)
                0x0000000000000001                ASSERT ((__StackLimit >= __HeapLimit), region RAM overflowed)
                0x0000000000000001                ASSERT (((__binary_info_header_end - __logical_binary_start) <= 0x100), Binary info must be in first 256 bytes of the binary)
LOAD CMakeFiles/wifi_sta.dir/src/main.c.o
LOAD CMakeFiles/wifi_sta.dir/src/wifi_sta.c.o
LOAD CMakeFiles/wifi_sta.dir/src/uart.c.o
LOAD CMakeFiles/wifi_sta.dir/src/ssd1306/i2c.c.o
LOAD CMakeFiles/wifi_sta.dir/data/home/wuxinyang/PICO_SDK/pico-sdk/src/rp2_common/pico_stdlib/stdlib.c.o
LOAD CMakeFiles/wifi_sta.dir/data/home/wuxinyang/PICO_SDK/pico-sdk/src/rp2_common/hardware_gpio/gpio.c.o
LOAD CMakeFiles/wifi_sta.dir/data/home/wuxinyang/PICO_SDK/pico-sdk/src/rp2040/pico_platform/platform.c.o
LOAD CMakeFiles/wifi_sta.dir/data/home/wuxinyang/PICO_SDK/pico-sdk/src/rp2_common/pico_platform_panic/panic.c.o
LOAD CMakeFiles/wifi_sta.dir/data/home/wuxinyang/PICO_SDK/pico-sdk/src/common/hardware_claim/claim.c.o
LOAD CMakeFiles/wifi_sta.dir/data/home/wuxinyang/PICO_SDK/pico-sdk/src/rp2_common/hardware_sync/sync.c.o
LOAD CMakeFiles/wifi_sta.dir/data/home/wuxinyang/PICO_SDK/pico-sdk/src/rp2_common/hardware_sync_spin_lock/sync_spin_lock.c.o
LOAD CMakeFiles/wifi_sta.dir/data/home/wuxinyang/PICO_SDK/pico-sdk/src/rp2_common/hardware_irq/irq.c.o
LOAD CMakeFiles/wifi_sta.dir/data/home/wuxinyang/PICO_SDK/pico-sdk/src/rp2_common/hardware_irq/irq_handler_chain.S.o
LOAD CMakeFiles/wifi_sta.dir/data/home/wuxinyang/PICO_SDK/pico-sdk/src/common/pico_sync/sem.c.o
LOAD CMakeFiles/wifi_sta.dir/data/home/wuxinyang/PICO_SDK/pico-sdk/src/common/pico_sync/lock_core.c.o
LOAD CMakeFiles/wifi_sta.dir/data/home/wuxinyang/PICO_SDK/pico-sdk/src/common/pico_sync/mutex.c.o
LOAD CMakeFiles/wifi_sta.dir/data/home/wuxinyang/PICO_SDK/pico-sdk/src/common/pico_sync/critical_section.c.o
LOAD CMakeFiles/wifi_sta.dir/data/home/wuxinyang/PICO_SDK/pico-sdk/src/common/pico_time/time.c.o
LOAD CMakeFiles/wifi_sta.dir/data/home/wuxinyang/PICO_SDK/pico-sdk/src/common/pico_time/timeout_helper.c.o
LOAD CMakeFiles/wifi_sta.dir/data/home/wuxinyang/PICO_SDK/pico-sdk/src/rp2_common/hardware_timer/timer.c.o
LOAD CMakeFiles/wifi_sta.dir/data/home/wuxinyang/PICO_SDK/pico-sdk/src/common/pico_util/datetime.c.o
LOAD CMakeFiles/wifi_sta.dir/data/home/wuxinyang/PICO_SDK/pico-sdk/src/common/pico_util/pheap.c.o
LOAD CMakeFiles/wifi_sta.dir/data/home/wuxinyang/PICO_SDK/pico-sdk/src/common/pico_util/queue.c.o
LOAD CMakeFiles/wifi_sta.dir/data/home/wuxinyang/PICO_SDK/pico-sdk/src/rp2_common/hardware_uart/uart.c.o
LOAD CMakeFiles/wifi_sta.dir/data/home/wuxinyang/PICO_SDK/pico-sdk/src/rp2_common/hardware_clocks/clocks.c.o
LOAD CMakeFiles/wifi_sta.dir/data/home/wuxinyang/PICO_SDK/pico-sdk/src/rp2_common/hardware_pll/pll.c.o
LOAD CMakeFiles/wifi_sta.dir/data/home/wuxinyang/PICO_SDK/pico-sdk/src/rp2_common/hardware_vreg/vreg.c.o
LOAD CMakeFiles/wifi_sta.dir/data/home/wuxinyang/PICO_SDK/pico-sdk/src/rp2_common/hardware_watchdog/watchdog.c.o
LOAD CMakeFiles/wifi_sta.dir/data/home/wuxinyang/PICO_SDK/pico-sdk/src/rp2_common/hardware_ticks/ticks.c.o
LOAD CMakeFiles/wifi_sta.dir/data/home/wuxinyang/PICO_SDK/pico-sdk/src/rp2_common/pico_bootrom/bootrom.c.o
LOAD CMakeFiles/wifi_sta.dir/data/home/wuxinyang/PICO_SDK/pico-sdk/src/rp2_common/pico_bootrom/bootrom_lock.c.o
LOAD CMakeFiles/wifi_sta.dir/data/home/wuxinyang/PICO_SDK/pico-sdk/src/rp2_common/hardware_boot_lock/boot_lock.c.o
LOAD CMakeFiles/wifi_sta.dir/data/home/wuxinyang/PICO_SDK/pico-sdk/src/rp2_common/pico_flash/flash.c.o
LOAD CMakeFiles/wifi_sta.dir/data/home/wuxinyang/PICO_SDK/pico-sdk/src/rp2_common/hardware_xosc/xosc.c.o
LOAD CMakeFiles/wifi_sta.dir/data/home/wuxinyang/PICO_SDK/pico-sdk/src/rp2_common/hardware_divider/divider.S.o
LOAD CMakeFiles/wifi_sta.dir/data/home/wuxinyang/PICO_SDK/pico-sdk/src/rp2_common/pico_runtime/runtime.c.o
LOAD CMakeFiles/wifi_sta.dir/data/home/wuxinyang/PICO_SDK/pico-sdk/src/rp2_common/pico_runtime_init/runtime_init.c.o
LOAD CMakeFiles/wifi_sta.dir/data/home/wuxinyang/PICO_SDK/pico-sdk/src/rp2_common/pico_runtime_init/runtime_init_clocks.c.o
LOAD CMakeFiles/wifi_sta.dir/data/home/wuxinyang/PICO_SDK/pico-sdk/src/rp2_common/pico_runtime_init/runtime_init_stack_guard.c.o
LOAD CMakeFiles/wifi_sta.dir/data/home/wuxinyang/PICO_SDK/pico-sdk/src/rp2_common/pico_bit_ops/bit_ops_aeabi.S.o
LOAD CMakeFiles/wifi_sta.dir/data/home/wuxinyang/PICO_SDK/pico-sdk/src/rp2_common/pico_divider/divider_hardware.S.o
LOAD CMakeFiles/wifi_sta.dir/data/home/wuxinyang/PICO_SDK/pico-sdk/src/rp2_common/pico_double/double_aeabi_rp2040.S.o
LOAD CMakeFiles/wifi_sta.dir/data/home/wuxinyang/PICO_SDK/pico-sdk/src/rp2_common/pico_double/double_init_rom_rp2040.c.o
LOAD CMakeFiles/wifi_sta.dir/data/home/wuxinyang/PICO_SDK/pico-sdk/src/rp2_common/pico_double/double_math.c.o
LOAD CMakeFiles/wifi_sta.dir/data/home/wuxinyang/PICO_SDK/pico-sdk/src/rp2_common/pico_double/double_v1_rom_shim_rp2040.S.o
LOAD CMakeFiles/wifi_sta.dir/data/home/wuxinyang/PICO_SDK/pico-sdk/src/rp2_common/pico_int64_ops/pico_int64_ops_aeabi.S.o
LOAD CMakeFiles/wifi_sta.dir/data/home/wuxinyang/PICO_SDK/pico-sdk/src/rp2_common/pico_float/float_aeabi_rp2040.S.o
LOAD CMakeFiles/wifi_sta.dir/data/home/wuxinyang/PICO_SDK/pico-sdk/src/rp2_common/pico_float/float_init_rom_rp2040.c.o
LOAD CMakeFiles/wifi_sta.dir/data/home/wuxinyang/PICO_SDK/pico-sdk/src/rp2_common/pico_float/float_math.c.o
LOAD CMakeFiles/wifi_sta.dir/data/home/wuxinyang/PICO_SDK/pico-sdk/src/rp2_common/pico_float/float_v1_rom_shim_rp2040.S.o
LOAD CMakeFiles/wifi_sta.dir/data/home/wuxinyang/PICO_SDK/pico-sdk/src/rp2_common/pico_malloc/malloc.c.o
LOAD CMakeFiles/wifi_sta.dir/data/home/wuxinyang/PICO_SDK/pico-sdk/src/rp2_common/pico_mem_ops/mem_ops_aeabi.S.o
LOAD CMakeFiles/wifi_sta.dir/data/home/wuxinyang/PICO_SDK/pico-sdk/src/rp2_common/pico_atomic/atomic.c.o
LOAD CMakeFiles/wifi_sta.dir/data/home/wuxinyang/PICO_SDK/pico-sdk/src/rp2_common/pico_cxx_options/new_delete.cpp.o
LOAD CMakeFiles/wifi_sta.dir/data/home/wuxinyang/PICO_SDK/pico-sdk/src/rp2_common/pico_standard_binary_info/standard_binary_info.c.o
LOAD CMakeFiles/wifi_sta.dir/data/home/wuxinyang/PICO_SDK/pico-sdk/src/rp2_common/pico_printf/printf.c.o
LOAD CMakeFiles/wifi_sta.dir/data/home/wuxinyang/PICO_SDK/pico-sdk/src/rp2_common/pico_crt0/crt0.S.o
LOAD CMakeFiles/wifi_sta.dir/data/home/wuxinyang/PICO_SDK/pico-sdk/src/rp2_common/pico_clib_interface/newlib_interface.c.o
LOAD CMakeFiles/wifi_sta.dir/data/home/wuxinyang/PICO_SDK/pico-sdk/src/rp2_common/pico_stdio/stdio.c.o
LOAD CMakeFiles/wifi_sta.dir/data/home/wuxinyang/PICO_SDK/pico-sdk/src/rp2_common/pico_stdio_uart/stdio_uart.c.o
LOAD CMakeFiles/wifi_sta.dir/data/home/wuxinyang/PICO_SDK/pico-sdk/src/rp2_common/hardware_i2c/i2c.c.o
LOAD pico-sdk/src/rp2040/boot_stage2/CMakeFiles/bs2_default_library.dir/bs2_default_padded_checksummed.S.o
LOAD /usr/lib/gcc/arm-none-eabi/7.3.1/../../../arm-none-eabi/lib/thumb/v6-m/libstdc++.a
LOAD /usr/lib/gcc/arm-none-eabi/7.3.1/../../../arm-none-eabi/lib/thumb/v6-m/libm.a
START GROUP
LOAD /usr/lib/gcc/arm-none-eabi/7.3.1/thumb/v6-m/libgcc.a
LOAD /usr/lib/gcc/arm-none-eabi/7.3.1/../../../arm-none-eabi/lib/thumb/v6-m/libg.a
LOAD /usr/lib/gcc/arm-none-eabi/7.3.1/../../../arm-none-eabi/lib/thumb/v6-m/libc.a
END GROUP
START GROUP
LOAD /usr/lib/gcc/arm-none-eabi/7.3.1/thumb/v6-m/libgcc.a
LOAD /usr/lib/gcc/arm-none-eabi/7.3.1/../../../arm-none-eabi/lib/thumb/v6-m/libc.a
LOAD /usr/lib/gcc/arm-none-eabi/7.3.1/../../../arm-none-eabi/lib/thumb/v6-m/libnosys.a
END GROUP
LOAD /usr/lib/gcc/arm-none-eabi/7.3.1/thumb/v6-m/crtend.o
LOAD /usr/lib/gcc/arm-none-eabi/7.3.1/thumb/v6-m/crtn.o
OUTPUT(wifi_sta.elf elf32-littlearm)

.ARM.attributes
                0x0000000000000000       0x28
 .ARM.attributes
                0x0000000000000000       0x1e /usr/lib/gcc/arm-none-eabi/7.3.1/thumb/v6-m/crti.o
 .ARM.attributes
                0x000000000000001e       0x2c /usr/lib/gcc/arm-none-eabi/7.3.1/thumb/v6-m/crtbegin.o
 .ARM.attributes
                0x000000000000004a       0x32 CMakeFiles/wifi_sta.dir/src/main.c.o
 .ARM.attributes
                0x000000000000007c       0x32 CMakeFiles/wifi_sta.dir/src/wifi_sta.c.o
 .ARM.attributes
                0x00000000000000ae       0x32 CMakeFiles/wifi_sta.dir/src/uart.c.o
 .ARM.attributes
                0x00000000000000e0       0x32 CMakeFiles/wifi_sta.dir/src/ssd1306/i2c.c.o
 .ARM.attributes
                0x0000000000000112       0x32 CMakeFiles/wifi_sta.dir/data/home/wuxinyang/PICO_SDK/pico-sdk/src/rp2_common/hardware_gpio/gpio.c.o
 .ARM.attributes
                0x0000000000000144       0x32 CMakeFiles/wifi_sta.dir/data/home/wuxinyang/PICO_SDK/pico-sdk/src/rp2_common/pico_platform_panic/panic.c.o
 .ARM.attributes
                0x0000000000000176       0x32 CMakeFiles/wifi_sta.dir/data/home/wuxinyang/PICO_SDK/pico-sdk/src/common/hardware_claim/claim.c.o
 .ARM.attributes
                0x00000000000001a8       0x32 CMakeFiles/wifi_sta.dir/data/home/wuxinyang/PICO_SDK/pico-sdk/src/rp2_common/hardware_sync/sync.c.o
 .ARM.attributes
                0x00000000000001da       0x32 CMakeFiles/wifi_sta.dir/data/home/wuxinyang/PICO_SDK/pico-sdk/src/rp2_common/hardware_sync_spin_lock/sync_spin_lock.c.o
 .ARM.attributes
                0x000000000000020c       0x32 CMakeFiles/wifi_sta.dir/data/home/wuxinyang/PICO_SDK/pico-sdk/src/rp2_common/hardware_irq/irq.c.o
 .ARM.attributes
                0x000000000000023e       0x22 CMakeFiles/wifi_sta.dir/data/home/wuxinyang/PICO_SDK/pico-sdk/src/rp2_common/hardware_irq/irq_handler_chain.S.o
 .ARM.attributes
                0x0000000000000260       0x32 CMakeFiles/wifi_sta.dir/data/home/wuxinyang/PICO_SDK/pico-sdk/src/common/pico_sync/lock_core.c.o
 .ARM.attributes
                0x0000000000000292       0x32 CMakeFiles/wifi_sta.dir/data/home/wuxinyang/PICO_SDK/pico-sdk/src/common/pico_sync/mutex.c.o
 .ARM.attributes
                0x00000000000002c4       0x32 CMakeFiles/wifi_sta.dir/data/home/wuxinyang/PICO_SDK/pico-sdk/src/common/pico_time/time.c.o
 .ARM.attributes
                0x00000000000002f6       0x32 CMakeFiles/wifi_sta.dir/data/home/wuxinyang/PICO_SDK/pico-sdk/src/rp2_common/hardware_timer/timer.c.o
 .ARM.attributes
                0x0000000000000328       0x32 CMakeFiles/wifi_sta.dir/data/home/wuxinyang/PICO_SDK/pico-sdk/src/rp2_common/hardware_uart/uart.c.o
 .ARM.attributes
                0x000000000000035a       0x32 CMakeFiles/wifi_sta.dir/data/home/wuxinyang/PICO_SDK/pico-sdk/src/rp2_common/hardware_clocks/clocks.c.o
 .ARM.attributes
                0x000000000000038c       0x32 CMakeFiles/wifi_sta.dir/data/home/wuxinyang/PICO_SDK/pico-sdk/src/rp2_common/hardware_pll/pll.c.o
 .ARM.attributes
                0x00000000000003be       0x32 CMakeFiles/wifi_sta.dir/data/home/wuxinyang/PICO_SDK/pico-sdk/src/rp2_common/hardware_ticks/ticks.c.o
 .ARM.attributes
                0x00000000000003f0       0x32 CMakeFiles/wifi_sta.dir/data/home/wuxinyang/PICO_SDK/pico-sdk/src/rp2_common/pico_bootrom/bootrom.c.o
 .ARM.attributes
                0x0000000000000422       0x32 CMakeFiles/wifi_sta.dir/data/home/wuxinyang/PICO_SDK/pico-sdk/src/rp2_common/hardware_xosc/xosc.c.o
 .ARM.attributes
                0x0000000000000454       0x32 CMakeFiles/wifi_sta.dir/data/home/wuxinyang/PICO_SDK/pico-sdk/src/rp2_common/pico_runtime/runtime.c.o
 .ARM.attributes
                0x0000000000000486       0x32 CMakeFiles/wifi_sta.dir/data/home/wuxinyang/PICO_SDK/pico-sdk/src/rp2_common/pico_runtime_init/runtime_init.c.o
 .ARM.attributes
                0x00000000000004b8       0x32 CMakeFiles/wifi_sta.dir/data/home/wuxinyang/PICO_SDK/pico-sdk/src/rp2_common/pico_runtime_init/runtime_init_clocks.c.o
 .ARM.attributes
                0x00000000000004ea       0x22 CMakeFiles/wifi_sta.dir/data/home/wuxinyang/PICO_SDK/pico-sdk/src/rp2_common/pico_bit_ops/bit_ops_aeabi.S.o
 .ARM.attributes
                0x000000000000050c       0x22 CMakeFiles/wifi_sta.dir/data/home/wuxinyang/PICO_SDK/pico-sdk/src/rp2_common/pico_divider/divider_hardware.S.o
 .ARM.attributes
                0x000000000000052e       0x22 CMakeFiles/wifi_sta.dir/data/home/wuxinyang/PICO_SDK/pico-sdk/src/rp2_common/pico_double/double_aeabi_rp2040.S.o
 .ARM.attributes
                0x0000000000000550       0x32 CMakeFiles/wifi_sta.dir/data/home/wuxinyang/PICO_SDK/pico-sdk/src/rp2_common/pico_double/double_init_rom_rp2040.c.o
 .ARM.attributes
                0x0000000000000582       0x22 CMakeFiles/wifi_sta.dir/data/home/wuxinyang/PICO_SDK/pico-sdk/src/rp2_common/pico_double/double_v1_rom_shim_rp2040.S.o
 .ARM.attributes
                0x00000000000005a4       0x22 CMakeFiles/wifi_sta.dir/data/home/wuxinyang/PICO_SDK/pico-sdk/src/rp2_common/pico_int64_ops/pico_int64_ops_aeabi.S.o
 .ARM.attributes
                0x00000000000005c6       0x22 CMakeFiles/wifi_sta.dir/data/home/wuxinyang/PICO_SDK/pico-sdk/src/rp2_common/pico_float/float_aeabi_rp2040.S.o
 .ARM.attributes
                0x00000000000005e8       0x32 CMakeFiles/wifi_sta.dir/data/home/wuxinyang/PICO_SDK/pico-sdk/src/rp2_common/pico_float/float_init_rom_rp2040.c.o
 .ARM.attributes
                0x000000000000061a       0x22 CMakeFiles/wifi_sta.dir/data/home/wuxinyang/PICO_SDK/pico-sdk/src/rp2_common/pico_float/float_v1_rom_shim_rp2040.S.o
 .ARM.attributes
                0x000000000000063c       0x32 CMakeFiles/wifi_sta.dir/data/home/wuxinyang/PICO_SDK/pico-sdk/src/rp2_common/pico_malloc/malloc.c.o
 .ARM.attributes
                0x000000000000066e       0x22 CMakeFiles/wifi_sta.dir/data/home/wuxinyang/PICO_SDK/pico-sdk/src/rp2_common/pico_mem_ops/mem_ops_aeabi.S.o
 .ARM.attributes
                0x0000000000000690       0x32 CMakeFiles/wifi_sta.dir/data/home/wuxinyang/PICO_SDK/pico-sdk/src/rp2_common/pico_standard_binary_info/standard_binary_info.c.o
 .ARM.attributes
                0x00000000000006c2       0x32 CMakeFiles/wifi_sta.dir/data/home/wuxinyang/PICO_SDK/pico-sdk/src/rp2_common/pico_printf/printf.c.o
 .ARM.attributes
                0x00000000000006f4       0x22 CMakeFiles/wifi_sta.dir/data/home/wuxinyang/PICO_SDK/pico-sdk/src/rp2_common/pico_crt0/crt0.S.o
 .ARM.attributes
                0x0000000000000716       0x32 CMakeFiles/wifi_sta.dir/data/home/wuxinyang/PICO_SDK/pico-sdk/src/rp2_common/pico_clib_interface/newlib_interface.c.o
 .ARM.attributes
                0x0000000000000748       0x32 CMakeFiles/wifi_sta.dir/data/home/wuxinyang/PICO_SDK/pico-sdk/src/rp2_common/pico_stdio/stdio.c.o
 .ARM.attributes
                0x000000000000077a       0x32 CMakeFiles/wifi_sta.dir/data/home/wuxinyang/PICO_SDK/pico-sdk/src/rp2_common/pico_stdio_uart/stdio_uart.c.o
 .ARM.attributes
                0x00000000000007ac       0x32 CMakeFiles/wifi_sta.dir/data/home/wuxinyang/PICO_SDK/pico-sdk/src/rp2_common/hardware_i2c/i2c.c.o
 .ARM.attributes
                0x00000000000007de       0x22 pico-sdk/src/rp2040/boot_stage2/CMakeFiles/bs2_default_library.dir/bs2_default_padded_checksummed.S.o
 .ARM.attributes
                0x0000000000000800       0x1e /usr/lib/gcc/arm-none-eabi/7.3.1/thumb/v6-m/libgcc.a(_dvmd_tls.o)
 .ARM.attributes
                0x000000000000081e       0x2c /usr/lib/gcc/arm-none-eabi/7.3.1/../../../arm-none-eabi/lib/thumb/v6-m/libg.a(lib_a-ctype_.o)
 .ARM.attributes
                0x000000000000084a       0x2c /usr/lib/gcc/arm-none-eabi/7.3.1/../../../arm-none-eabi/lib/thumb/v6-m/libg.a(lib_a-impure.o)
 .ARM.attributes
                0x0000000000000876       0x2c /usr/lib/gcc/arm-none-eabi/7.3.1/../../../arm-none-eabi/lib/thumb/v6-m/libg.a(lib_a-malloc.o)
 .ARM.attributes
                0x00000000000008a2       0x2c /usr/lib/gcc/arm-none-eabi/7.3.1/../../../arm-none-eabi/lib/thumb/v6-m/libg.a(lib_a-mallocr.o)
 .ARM.attributes
                0x00000000000008ce       0x2c /usr/lib/gcc/arm-none-eabi/7.3.1/../../../arm-none-eabi/lib/thumb/v6-m/libg.a(lib_a-mlock.o)
 .ARM.attributes
                0x00000000000008fa       0x2c /usr/lib/gcc/arm-none-eabi/7.3.1/../../../arm-none-eabi/lib/thumb/v6-m/libg.a(lib_a-sbrkr.o)
 .ARM.attributes
                0x0000000000000926       0x2c /usr/lib/gcc/arm-none-eabi/7.3.1/../../../arm-none-eabi/lib/thumb/v6-m/libg.a(lib_a-strlen-stub.o)
 .ARM.attributes
                0x0000000000000952       0x2c /usr/lib/gcc/arm-none-eabi/7.3.1/../../../arm-none-eabi/lib/thumb/v6-m/libg.a(lib_a-freer.o)
 .ARM.attributes
                0x000000000000097e       0x2c /usr/lib/gcc/arm-none-eabi/7.3.1/../../../arm-none-eabi/lib/thumb/v6-m/libg.a(lib_a-reent.o)
 .ARM.attributes
                0x00000000000009aa       0x2c /usr/lib/gcc/arm-none-eabi/7.3.1/thumb/v6-m/crtend.o

.comment        0x0000000000000000       0xae
 .comment       0x0000000000000000       0x57 /usr/lib/gcc/arm-none-eabi/7.3.1/thumb/v6-m/crtbegin.o
                                         0x58 (size before relaxing)
 .comment       0x0000000000000057       0x58 CMakeFiles/wifi_sta.dir/src/main.c.o
 .comment       0x0000000000000057       0x58 CMakeFiles/wifi_sta.dir/src/wifi_sta.c.o
 .comment       0x0000000000000057       0x58 CMakeFiles/wifi_sta.dir/src/uart.c.o
 .comment       0x0000000000000057       0x58 CMakeFiles/wifi_sta.dir/src/ssd1306/i2c.c.o
 .comment       0x0000000000000057       0x58 CMakeFiles/wifi_sta.dir/data/home/wuxinyang/PICO_SDK/pico-sdk/src/rp2_common/hardware_gpio/gpio.c.o
 .comment       0x0000000000000057       0x58 CMakeFiles/wifi_sta.dir/data/home/wuxinyang/PICO_SDK/pico-sdk/src/rp2_common/pico_platform_panic/panic.c.o
 .comment       0x0000000000000057       0x58 CMakeFiles/wifi_sta.dir/data/home/wuxinyang/PICO_SDK/pico-sdk/src/common/hardware_claim/claim.c.o
 .comment       0x0000000000000057       0x58 CMakeFiles/wifi_sta.dir/data/home/wuxinyang/PICO_SDK/pico-sdk/src/rp2_common/hardware_sync/sync.c.o
 .comment       0x0000000000000057       0x58 CMakeFiles/wifi_sta.dir/data/home/wuxinyang/PICO_SDK/pico-sdk/src/rp2_common/hardware_sync_spin_lock/sync_spin_lock.c.o
 .comment       0x0000000000000057       0x58 CMakeFiles/wifi_sta.dir/data/home/wuxinyang/PICO_SDK/pico-sdk/src/rp2_common/hardware_irq/irq.c.o
 .comment       0x0000000000000057       0x58 CMakeFiles/wifi_sta.dir/data/home/wuxinyang/PICO_SDK/pico-sdk/src/common/pico_sync/lock_core.c.o
 .comment       0x0000000000000057       0x58 CMakeFiles/wifi_sta.dir/data/home/wuxinyang/PICO_SDK/pico-sdk/src/common/pico_sync/mutex.c.o
 .comment       0x0000000000000057       0x58 CMakeFiles/wifi_sta.dir/data/home/wuxinyang/PICO_SDK/pico-sdk/src/common/pico_time/time.c.o
 .comment       0x0000000000000057       0x58 CMakeFiles/wifi_sta.dir/data/home/wuxinyang/PICO_SDK/pico-sdk/src/rp2_common/hardware_timer/timer.c.o
 .comment       0x0000000000000057       0x58 CMakeFiles/wifi_sta.dir/data/home/wuxinyang/PICO_SDK/pico-sdk/src/rp2_common/hardware_uart/uart.c.o
 .comment       0x0000000000000057       0x58 CMakeFiles/wifi_sta.dir/data/home/wuxinyang/PICO_SDK/pico-sdk/src/rp2_common/hardware_clocks/clocks.c.o
 .comment       0x0000000000000057       0x58 CMakeFiles/wifi_sta.dir/data/home/wuxinyang/PICO_SDK/pico-sdk/src/rp2_common/hardware_pll/pll.c.o
 .comment       0x0000000000000057       0x58 CMakeFiles/wifi_sta.dir/data/home/wuxinyang/PICO_SDK/pico-sdk/src/rp2_common/hardware_ticks/ticks.c.o
 .comment       0x0000000000000057       0x58 CMakeFiles/wifi_sta.dir/data/home/wuxinyang/PICO_SDK/pico-sdk/src/rp2_common/pico_bootrom/bootrom.c.o
 .comment       0x0000000000000057       0x58 CMakeFiles/wifi_sta.dir/data/home/wuxinyang/PICO_SDK/pico-sdk/src/rp2_common/hardware_xosc/xosc.c.o
 .comment       0x0000000000000057       0x58 CMakeFiles/wifi_sta.dir/data/home/wuxinyang/PICO_SDK/pico-sdk/src/rp2_common/pico_runtime/runtime.c.o
 .comment       0x0000000000000057       0x58 CMakeFiles/wifi_sta.dir/data/home/wuxinyang/PICO_SDK/pico-sdk/src/rp2_common/pico_runtime_init/runtime_init.c.o
 .comment       0x0000000000000057       0x58 CMakeFiles/wifi_sta.dir/data/home/wuxinyang/PICO_SDK/pico-sdk/src/rp2_common/pico_runtime_init/runtime_init_clocks.c.o
 .comment       0x0000000000000057       0x58 CMakeFiles/wifi_sta.dir/data/home/wuxinyang/PICO_SDK/pico-sdk/src/rp2_common/pico_double/double_init_rom_rp2040.c.o
 .comment       0x0000000000000057       0x58 CMakeFiles/wifi_sta.dir/data/home/wuxinyang/PICO_SDK/pico-sdk/src/rp2_common/pico_float/float_init_rom_rp2040.c.o
 .comment       0x0000000000000057       0x58 CMakeFiles/wifi_sta.dir/data/home/wuxinyang/PICO_SDK/pico-sdk/src/rp2_common/pico_malloc/malloc.c.o
 .comment       0x0000000000000057       0x58 CMakeFiles/wifi_sta.dir/data/home/wuxinyang/PICO_SDK/pico-sdk/src/rp2_common/pico_standard_binary_info/standard_binary_info.c.o
 .comment       0x0000000000000057       0x58 CMakeFiles/wifi_sta.dir/data/home/wuxinyang/PICO_SDK/pico-sdk/src/rp2_common/pico_printf/printf.c.o
 .comment       0x0000000000000057       0x58 CMakeFiles/wifi_sta.dir/data/home/wuxinyang/PICO_SDK/pico-sdk/src/rp2_common/pico_clib_interface/newlib_interface.c.o
 .comment       0x0000000000000057       0x58 CMakeFiles/wifi_sta.dir/data/home/wuxinyang/PICO_SDK/pico-sdk/src/rp2_common/pico_stdio/stdio.c.o
 .comment       0x0000000000000057       0x58 CMakeFiles/wifi_sta.dir/data/home/wuxinyang/PICO_SDK/pico-sdk/src/rp2_common/pico_stdio_uart/stdio_uart.c.o
 .comment       0x0000000000000057       0x58 CMakeFiles/wifi_sta.dir/data/home/wuxinyang/PICO_SDK/pico-sdk/src/rp2_common/hardware_i2c/i2c.c.o
 .comment       0x0000000000000057       0x57 /usr/lib/gcc/arm-none-eabi/7.3.1/../../../arm-none-eabi/lib/thumb/v6-m/libg.a(lib_a-ctype_.o)
                                         0x58 (size before relaxing)
 .comment       0x00000000000000ae       0x58 /usr/lib/gcc/arm-none-eabi/7.3.1/../../../arm-none-eabi/lib/thumb/v6-m/libg.a(lib_a-impure.o)
 .comment       0x00000000000000ae       0x58 /usr/lib/gcc/arm-none-eabi/7.3.1/../../../arm-none-eabi/lib/thumb/v6-m/libg.a(lib_a-malloc.o)
 .comment       0x00000000000000ae       0x58 /usr/lib/gcc/arm-none-eabi/7.3.1/../../../arm-none-eabi/lib/thumb/v6-m/libg.a(lib_a-mallocr.o)
 .comment       0x00000000000000ae       0x58 /usr/lib/gcc/arm-none-eabi/7.3.1/../../../arm-none-eabi/lib/thumb/v6-m/libg.a(lib_a-mlock.o)
 .comment       0x00000000000000ae       0x58 /usr/lib/gcc/arm-none-eabi/7.3.1/../../../arm-none-eabi/lib/thumb/v6-m/libg.a(lib_a-sbrkr.o)
 .comment       0x00000000000000ae       0x58 /usr/lib/gcc/arm-none-eabi/7.3.1/../../../arm-none-eabi/lib/thumb/v6-m/libg.a(lib_a-strlen-stub.o)
 .comment       0x00000000000000ae       0x58 /usr/lib/gcc/arm-none-eabi/7.3.1/../../../arm-none-eabi/lib/thumb/v6-m/libg.a(lib_a-freer.o)
 .comment       0x00000000000000ae       0x58 /usr/lib/gcc/arm-none-eabi/7.3.1/../../../arm-none-eabi/lib/thumb/v6-m/libg.a(lib_a-reent.o)
 .comment       0x00000000000000ae       0x58 /usr/lib/gcc/arm-none-eabi/7.3.1/thumb/v6-m/crtend.o

.debug_info     0x0000000000000000    0x2a767
 .debug_info    0x0000000000000000     0x1625 CMakeFiles/wifi_sta.dir/src/main.c.o
 .debug_info    0x0000000000001625     0x16b1 CMakeFiles/wifi_sta.dir/src/wifi_sta.c.o
 .debug_info    0x0000000000002cd6      0xc9d CMakeFiles/wifi_sta.dir/src/uart.c.o
 .debug_info    0x0000000000003973     0x13a9 CMakeFiles/wifi_sta.dir/src/ssd1306/i2c.c.o
 .debug_info    0x0000000000004d1c     0x1eb9 CMakeFiles/wifi_sta.dir/data/home/wuxinyang/PICO_SDK/pico-sdk/src/rp2_common/hardware_gpio/gpio.c.o
 .debug_info    0x0000000000006bd5      0x9de CMakeFiles/wifi_sta.dir/data/home/wuxinyang/PICO_SDK/pico-sdk/src/rp2_common/pico_platform_panic/panic.c.o
 .debug_info    0x00000000000075b3      0x865 CMakeFiles/wifi_sta.dir/data/home/wuxinyang/PICO_SDK/pico-sdk/src/common/hardware_claim/claim.c.o
 .debug_info    0x0000000000007e18      0x39b CMakeFiles/wifi_sta.dir/data/home/wuxinyang/PICO_SDK/pico-sdk/src/rp2_common/hardware_sync/sync.c.o
 .debug_info    0x00000000000081b3      0x1e1 CMakeFiles/wifi_sta.dir/data/home/wuxinyang/PICO_SDK/pico-sdk/src/rp2_common/hardware_sync_spin_lock/sync_spin_lock.c.o
 .debug_info    0x0000000000008394     0x1bb5 CMakeFiles/wifi_sta.dir/data/home/wuxinyang/PICO_SDK/pico-sdk/src/rp2_common/hardware_irq/irq.c.o
 .debug_info    0x0000000000009f49       0x26 CMakeFiles/wifi_sta.dir/data/home/wuxinyang/PICO_SDK/pico-sdk/src/rp2_common/hardware_irq/irq_handler_chain.S.o
 .debug_info    0x0000000000009f6f      0x181 CMakeFiles/wifi_sta.dir/data/home/wuxinyang/PICO_SDK/pico-sdk/src/common/pico_sync/lock_core.c.o
 .debug_info    0x000000000000a0f0     0x22a0 CMakeFiles/wifi_sta.dir/data/home/wuxinyang/PICO_SDK/pico-sdk/src/common/pico_sync/mutex.c.o
 .debug_info    0x000000000000c390     0x504e CMakeFiles/wifi_sta.dir/data/home/wuxinyang/PICO_SDK/pico-sdk/src/common/pico_time/time.c.o
 .debug_info    0x00000000000113de     0x22c1 CMakeFiles/wifi_sta.dir/data/home/wuxinyang/PICO_SDK/pico-sdk/src/rp2_common/hardware_timer/timer.c.o
 .debug_info    0x000000000001369f     0x1577 CMakeFiles/wifi_sta.dir/data/home/wuxinyang/PICO_SDK/pico-sdk/src/rp2_common/hardware_uart/uart.c.o
 .debug_info    0x0000000000014c16     0x1f72 CMakeFiles/wifi_sta.dir/data/home/wuxinyang/PICO_SDK/pico-sdk/src/rp2_common/hardware_clocks/clocks.c.o
 .debug_info    0x0000000000016b88      0x46a CMakeFiles/wifi_sta.dir/data/home/wuxinyang/PICO_SDK/pico-sdk/src/rp2_common/hardware_pll/pll.c.o
 .debug_info    0x0000000000016ff2      0x233 CMakeFiles/wifi_sta.dir/data/home/wuxinyang/PICO_SDK/pico-sdk/src/rp2_common/hardware_ticks/ticks.c.o
 .debug_info    0x0000000000017225      0xc30 CMakeFiles/wifi_sta.dir/data/home/wuxinyang/PICO_SDK/pico-sdk/src/rp2_common/pico_bootrom/bootrom.c.o
 .debug_info    0x0000000000017e55      0x1ba CMakeFiles/wifi_sta.dir/data/home/wuxinyang/PICO_SDK/pico-sdk/src/rp2_common/hardware_xosc/xosc.c.o
 .debug_info    0x000000000001800f      0x202 CMakeFiles/wifi_sta.dir/data/home/wuxinyang/PICO_SDK/pico-sdk/src/rp2_common/pico_runtime/runtime.c.o
 .debug_info    0x0000000000018211      0x73b CMakeFiles/wifi_sta.dir/data/home/wuxinyang/PICO_SDK/pico-sdk/src/rp2_common/pico_runtime_init/runtime_init.c.o
 .debug_info    0x000000000001894c      0x696 CMakeFiles/wifi_sta.dir/data/home/wuxinyang/PICO_SDK/pico-sdk/src/rp2_common/pico_runtime_init/runtime_init_clocks.c.o
 .debug_info    0x0000000000018fe2       0x22 CMakeFiles/wifi_sta.dir/data/home/wuxinyang/PICO_SDK/pico-sdk/src/rp2_common/pico_bit_ops/bit_ops_aeabi.S.o
 .debug_info    0x0000000000019004       0x22 CMakeFiles/wifi_sta.dir/data/home/wuxinyang/PICO_SDK/pico-sdk/src/rp2_common/pico_divider/divider_hardware.S.o
 .debug_info    0x0000000000019026       0x22 CMakeFiles/wifi_sta.dir/data/home/wuxinyang/PICO_SDK/pico-sdk/src/rp2_common/pico_double/double_aeabi_rp2040.S.o
 .debug_info    0x0000000000019048      0xa30 CMakeFiles/wifi_sta.dir/data/home/wuxinyang/PICO_SDK/pico-sdk/src/rp2_common/pico_double/double_init_rom_rp2040.c.o
 .debug_info    0x0000000000019a78       0x22 CMakeFiles/wifi_sta.dir/data/home/wuxinyang/PICO_SDK/pico-sdk/src/rp2_common/pico_double/double_v1_rom_shim_rp2040.S.o
 .debug_info    0x0000000000019a9a       0x26 CMakeFiles/wifi_sta.dir/data/home/wuxinyang/PICO_SDK/pico-sdk/src/rp2_common/pico_int64_ops/pico_int64_ops_aeabi.S.o
 .debug_info    0x0000000000019ac0       0x22 CMakeFiles/wifi_sta.dir/data/home/wuxinyang/PICO_SDK/pico-sdk/src/rp2_common/pico_float/float_aeabi_rp2040.S.o
 .debug_info    0x0000000000019ae2      0xa32 CMakeFiles/wifi_sta.dir/data/home/wuxinyang/PICO_SDK/pico-sdk/src/rp2_common/pico_float/float_init_rom_rp2040.c.o
 .debug_info    0x000000000001a514       0x22 CMakeFiles/wifi_sta.dir/data/home/wuxinyang/PICO_SDK/pico-sdk/src/rp2_common/pico_float/float_v1_rom_shim_rp2040.S.o
 .debug_info    0x000000000001a536      0xaf1 CMakeFiles/wifi_sta.dir/data/home/wuxinyang/PICO_SDK/pico-sdk/src/rp2_common/pico_malloc/malloc.c.o
 .debug_info    0x000000000001b027       0x22 CMakeFiles/wifi_sta.dir/data/home/wuxinyang/PICO_SDK/pico-sdk/src/rp2_common/pico_mem_ops/mem_ops_aeabi.S.o
 .debug_info    0x000000000001b049      0x2d1 CMakeFiles/wifi_sta.dir/data/home/wuxinyang/PICO_SDK/pico-sdk/src/rp2_common/pico_standard_binary_info/standard_binary_info.c.o
 .debug_info    0x000000000001b31a     0x3357 CMakeFiles/wifi_sta.dir/data/home/wuxinyang/PICO_SDK/pico-sdk/src/rp2_common/pico_printf/printf.c.o
 .debug_info    0x000000000001e671       0x22 CMakeFiles/wifi_sta.dir/data/home/wuxinyang/PICO_SDK/pico-sdk/src/rp2_common/pico_crt0/crt0.S.o
 .debug_info    0x000000000001e693     0x127a CMakeFiles/wifi_sta.dir/data/home/wuxinyang/PICO_SDK/pico-sdk/src/rp2_common/pico_clib_interface/newlib_interface.c.o
 .debug_info    0x000000000001f90d     0x21c4 CMakeFiles/wifi_sta.dir/data/home/wuxinyang/PICO_SDK/pico-sdk/src/rp2_common/pico_stdio/stdio.c.o
 .debug_info    0x0000000000021ad1     0x12f7 CMakeFiles/wifi_sta.dir/data/home/wuxinyang/PICO_SDK/pico-sdk/src/rp2_common/pico_stdio_uart/stdio_uart.c.o
 .debug_info    0x0000000000022dc8     0x1a47 CMakeFiles/wifi_sta.dir/data/home/wuxinyang/PICO_SDK/pico-sdk/src/rp2_common/hardware_i2c/i2c.c.o
 .debug_info    0x000000000002480f       0x26 /usr/lib/gcc/arm-none-eabi/7.3.1/thumb/v6-m/libgcc.a(_dvmd_tls.o)
 .debug_info    0x0000000000024835      0xdb6 /usr/lib/gcc/arm-none-eabi/7.3.1/../../../arm-none-eabi/lib/thumb/v6-m/libg.a(lib_a-ctype_.o)
 .debug_info    0x00000000000255eb      0x8a9 /usr/lib/gcc/arm-none-eabi/7.3.1/../../../arm-none-eabi/lib/thumb/v6-m/libg.a(lib_a-impure.o)
 .debug_info    0x0000000000025e94      0x926 /usr/lib/gcc/arm-none-eabi/7.3.1/../../../arm-none-eabi/lib/thumb/v6-m/libg.a(lib_a-malloc.o)
 .debug_info    0x00000000000267ba      0xde7 /usr/lib/gcc/arm-none-eabi/7.3.1/../../../arm-none-eabi/lib/thumb/v6-m/libg.a(lib_a-mallocr.o)
 .debug_info    0x00000000000275a1      0x8dc /usr/lib/gcc/arm-none-eabi/7.3.1/../../../arm-none-eabi/lib/thumb/v6-m/libg.a(lib_a-mlock.o)
 .debug_info    0x0000000000027e7d      0x95f /usr/lib/gcc/arm-none-eabi/7.3.1/../../../arm-none-eabi/lib/thumb/v6-m/libg.a(lib_a-sbrkr.o)
 .debug_info    0x00000000000287dc      0x8e2 /usr/lib/gcc/arm-none-eabi/7.3.1/../../../arm-none-eabi/lib/thumb/v6-m/libg.a(lib_a-strlen-stub.o)
 .debug_info    0x00000000000290be      0xc97 /usr/lib/gcc/arm-none-eabi/7.3.1/../../../arm-none-eabi/lib/thumb/v6-m/libg.a(lib_a-freer.o)
 .debug_info    0x0000000000029d55      0xa12 /usr/lib/gcc/arm-none-eabi/7.3.1/../../../arm-none-eabi/lib/thumb/v6-m/libg.a(lib_a-reent.o)

.debug_abbrev   0x0000000000000000     0x714e
 .debug_abbrev  0x0000000000000000      0x351 CMakeFiles/wifi_sta.dir/src/main.c.o
 .debug_abbrev  0x0000000000000351      0x3f8 CMakeFiles/wifi_sta.dir/src/wifi_sta.c.o
 .debug_abbrev  0x0000000000000749      0x2b5 CMakeFiles/wifi_sta.dir/src/uart.c.o
 .debug_abbrev  0x00000000000009fe      0x3b1 CMakeFiles/wifi_sta.dir/src/ssd1306/i2c.c.o
 .debug_abbrev  0x0000000000000daf      0x42f CMakeFiles/wifi_sta.dir/data/home/wuxinyang/PICO_SDK/pico-sdk/src/rp2_common/hardware_gpio/gpio.c.o
 .debug_abbrev  0x00000000000011de      0x21c CMakeFiles/wifi_sta.dir/data/home/wuxinyang/PICO_SDK/pico-sdk/src/rp2_common/pico_platform_panic/panic.c.o
 .debug_abbrev  0x00000000000013fa      0x290 CMakeFiles/wifi_sta.dir/data/home/wuxinyang/PICO_SDK/pico-sdk/src/common/hardware_claim/claim.c.o
 .debug_abbrev  0x000000000000168a      0x1bb CMakeFiles/wifi_sta.dir/data/home/wuxinyang/PICO_SDK/pico-sdk/src/rp2_common/hardware_sync/sync.c.o
 .debug_abbrev  0x0000000000001845      0x159 CMakeFiles/wifi_sta.dir/data/home/wuxinyang/PICO_SDK/pico-sdk/src/rp2_common/hardware_sync_spin_lock/sync_spin_lock.c.o
 .debug_abbrev  0x000000000000199e      0x4b1 CMakeFiles/wifi_sta.dir/data/home/wuxinyang/PICO_SDK/pico-sdk/src/rp2_common/hardware_irq/irq.c.o
 .debug_abbrev  0x0000000000001e4f       0x14 CMakeFiles/wifi_sta.dir/data/home/wuxinyang/PICO_SDK/pico-sdk/src/rp2_common/hardware_irq/irq_handler_chain.S.o
 .debug_abbrev  0x0000000000001e63       0xe9 CMakeFiles/wifi_sta.dir/data/home/wuxinyang/PICO_SDK/pico-sdk/src/common/pico_sync/lock_core.c.o
 .debug_abbrev  0x0000000000001f4c      0x39f CMakeFiles/wifi_sta.dir/data/home/wuxinyang/PICO_SDK/pico-sdk/src/common/pico_sync/mutex.c.o
 .debug_abbrev  0x00000000000022eb      0x5ee CMakeFiles/wifi_sta.dir/data/home/wuxinyang/PICO_SDK/pico-sdk/src/common/pico_time/time.c.o
 .debug_abbrev  0x00000000000028d9      0x40c CMakeFiles/wifi_sta.dir/data/home/wuxinyang/PICO_SDK/pico-sdk/src/rp2_common/hardware_timer/timer.c.o
 .debug_abbrev  0x0000000000002ce5      0x304 CMakeFiles/wifi_sta.dir/data/home/wuxinyang/PICO_SDK/pico-sdk/src/rp2_common/hardware_uart/uart.c.o